BL51 BANKED LINKER/LOCATER V5.03                                                        04/29/2010  14:21:21  PAGE 1


BL51 BANKED LINKER/LOCATER V5.03, INVOKED BY:
C:\KEIL\C51\BIN\BL51.EXE BANK0 {.\Output\Timer.obj}, BANK0 {.\Output\Auto.obj}, BANK0 {.\Output\FrameSync.obj}, BANK0 {.
>> \Output\Mode.obj}, BANK0 {.\Output\Struct.obj}, BANK0 {.\Output\Sync.obj}, BANK0 {.\Output\Adjust.obj}, BANK0 {.\Outp
>> ut\Uart.obj}, BANK0 {.\Output\video.obj}, BANK0 {.\Output\eeprom.obj}, BANK0 {.\Output\YPbPr.obj}, BANK0 {.\Output\Po
>> wer.obj}, BANK0 {.\Output\Scaler.obj}, BANK0 {.\Output\Source.obj}, BANK0 {.\Output\Misc.obj}, BANK0 {.\Output\Hdmi.o
>> bj}, BANK0 {.\Output\Adjust_customer.obj}, BANK0 {.\Output\Main.obj}, BANK0 {.\Output\IR_Nec.obj}, BANK0 {.\Output\Ke
>> y_PCB2660_003.obj}, BANK0 {.\Output\Key.obj}, BANK0 {.\Output\Func.obj}, BANK0 {.\Output\KX_Sc7313.obj}, BANK1 {.\Out
>> put\OsdMenuFunc003.obj}, BANK1 {.\Output\OsdProc003.obj}, BANK1 {.\Output\OsdRes003.obj}, BANK1 {.\Output\OsdTable003
>> .obj}, BANK1 {.\Output\OsdFont003.obj}, BANK0 {.\Output\TV.obj}, BANK0 {.\Output\JS_6B1.obj}, BANK0 {.\Output\JS_6B2.
>> obj}, BANK0 {.\Output\TDQ6F6.obj}, BANK0 {.\Output\TN8337.obj}, BANK0 {.\Output\TNJ8355.obj}, BANK0 {.\Output\TNJ7359
>> .obj}, BANK0 {.\Output\TN835CPF.obj}, BANK0 {.\Output\FreqTable.obj}, BANK0 {.\Output\JS_6AM.obj}, BANK0 {.\Output\CD
>> T_3FP212.obj}, BANK0 {.\Output\CDT_3FP212_9886.obj}, BANK0 {.\Output\XF_6AC.obj}, BANK1 {.\Output\KXOSDFunc.obj}, BAN
>> K0 {.\Lib\AV_TV.obj}, BANK0 {.\Lib\FlashWriteDisable.obj}, BANK0 {.\Lib\RTD2662.obj}, BANK0 {.\Lib\TunerFunc.obj}, BA
>> NK0 {.\Lib\TB1351.obj}, COMMON {.\Output\GUartSend.obj}, COMMON {.\Output\Int.obj}, COMMON {.\Output\Mcu.obj}, COMMON
>>  {.\Output\RTDAccess.obj}, COMMON {.\Output\I2c.obj}, COMMON {.\Output\L51_BANK.obj}, COMMON {.\Output\STARTUP.obj}, 
>> BANK2 {.\Output\KxExtendFunc.obj}, BANK2 {.\DDCCI\DDCCIDBG.obj}, BANK2 {.\DDCCI\DDCCI.obj}, BANK2 {.\Output\Logo.obj}
>> , BANK0 {.\Output\Flash.obj}, BANK0 {.\Flash\FlashFunc.obj} TO .\Output\KR266Xseries BANKAREA (0X1C00, 0XFFFF) PRINT 
>> (.\Output\RTD2662.m51) RAMSIZE (256) BANK0 (?CO?MAIN (0X1C00), ?CO?IR_NEC, ?CO?KEY, ?CO?MODE, ?CO?EEPROM, ?CO?SCALER,
>>  ?CO?HDMI, ?CO?ADJUST_CUSTOMER, ?CO?VIDEO, ?CO?KX_SC7313, ?CO?ADJUST, ?CO?YPBPR) BANK1 (?CO?OSDTABLE003 (0X1C00), ?CO
>> ?OSDPROC003, ?CO?OSDRES003, ?CO?OSDFONT003) BANK2 (?CO?KXEXTENDFUNC (0X1C00), ?CO?LOGO) OVERLAY (ADJUSTMENUITEM ~ ?PR
>> ?OSDPROC003, GETSHOWINDEX ~ ?PR?OSDPROC003, GETSHOWCOUNT ~ ?PR?OSDPROC003) XDATA (0XFB00-0XFEEF)




PROGRAM RECURSIONS REMOVED FROM CALL TREE
=========================================
+--> ?PR?OSDPROC003
|  | ?CO?OSDTABLE003
|  | ?PR?MMENUNONEPROC?OSDMENUFUNC003
<--+ ?PR?ENTERSCINPUTNUM?OSDPROC003


+--> ?PR?OSDPROC003
|  | ?CO?OSDTABLE003
|  | ?PR?MMENUNONEPROC?OSDMENUFUNC003
|  | ?PR?MSCINPUTCHNUMPROC?OSDPROC003
<--+ ?PR?_SINCEPTNUMBER?OSDPROC003


+--> ?PR?OSDPROC003
|  | ?CO?OSDTABLE003
|  | ?PR?MMENUNONEPROC?OSDMENUFUNC003
<--+ ?PR?MSCINPUTCHNUMPROC?OSDPROC003


+--> ?PR?OSDPROC003
|  | ?CO?OSDTABLE003
|  | ?PR?MMENUNONEPROC?OSDMENUFUNC003
|  | ?PR?MSCINPUTCHNUMPROC?OSDPROC003
<--+ ?PR?_SSHOWCURRENTINPUTSTATE?OSDPROC003



MEMORY MODEL: LARGE WITH FLOATING POINT ARITHMETIC


INPUT MODULES INCLUDED:
BL51 BANKED LINKER/LOCATER V5.03                                                      04/29/2010  14:21:21  PAGE 2


  .\Output\Timer.obj (TIMER)
  .\Output\Auto.obj (AUTO)
  .\Output\FrameSync.obj (FRAMESYNC)
  .\Output\Mode.obj (MODE)
  .\Output\Struct.obj (STRUCT)
  .\Output\Sync.obj (SYNC)
  .\Output\Adjust.obj (ADJUST)
  .\Output\Uart.obj (UART)
  .\Output\video.obj (VIDEO)
  .\Output\eeprom.obj (EEPROM)
  .\Output\YPbPr.obj (YPBPR)
  .\Output\Power.obj (POWER)
  .\Output\Scaler.obj (SCALER)
  .\Output\Source.obj (SOURCE)
  .\Output\Misc.obj (MISC)
  .\Output\Hdmi.obj (HDMI)
  .\Output\Adjust_customer.obj (ADJUST_CUSTOMER)
  .\Output\Main.obj (MAIN)
  .\Output\IR_Nec.obj (IR_NEC)
  .\Output\Key_PCB2660_003.obj (KEY_PCB2660_003)
  .\Output\Key.obj (KEY)
  .\Output\Func.obj (FUNC)
  .\Output\KX_Sc7313.obj (KX_SC7313)
  .\Output\OsdMenuFunc003.obj (OSDMENUFUNC003)
  .\Output\OsdProc003.obj (OSDPROC003)
  .\Output\OsdRes003.obj (OSDRES003)
  .\Output\OsdTable003.obj (OSDTABLE003)
  .\Output\OsdFont003.obj (OSDFONT003)
  .\Output\TV.obj (TV)
  .\Output\JS_6B1.obj (JS_6B1)
  .\Output\JS_6B2.obj (JS_6B2)
  .\Output\TDQ6F6.obj (TDQ6F6)
  .\Output\TN8337.obj (TN8337)
  .\Output\TNJ8355.obj (TNJ8355)
  .\Output\TNJ7359.obj (TNJ7359)
  .\Output\TN835CPF.obj (TN835CPF)
  .\Output\FreqTable.obj (FREQTABLE)
  .\Output\JS_6AM.obj (JS_6AM)
  .\Output\CDT_3FP212.obj (CDT_3FP212)
  .\Output\CDT_3FP212_9886.obj (CDT_3FP212_9886)
  .\Output\XF_6AC.obj (XF_6AC)
  .\Output\KXOSDFunc.obj (KXOSDFUNC)
  .\Lib\AV_TV.obj (AV_TV)
  .\Lib\FlashWriteDisable.obj (FLASHWRITEDISABLE)
  .\Lib\RTD2662.obj (RTD2662)
  .\Lib\TunerFunc.obj (TUNERFUNC)
  .\Lib\TB1351.obj (TB1351)
  .\Output\GUartSend.obj (GUARTSEND)
  .\Output\Int.obj (INT)
  .\Output\Mcu.obj (MCU)
  .\Output\RTDAccess.obj (RTDACCESS)
  .\Output\I2c.obj (I2C)
  .\Output\L51_BANK.obj (?BANK?SWITCHING)
  .\Output\STARTUP.obj (?C_STARTUP)
  .\Output\KxExtendFunc.obj (KXEXTENDFUNC)
  .\DDCCI\DDCCIDBG.obj (DDCCIDBG)
  .\DDCCI\DDCCI.obj (DDCCI)
BL51 BANKED LINKER/LOCATER V5.03                                                      04/29/2010  14:21:21  PAGE 3


  .\Output\Logo.obj (LOGO)
  .\Output\Flash.obj (FLASH)
  .\Flash\FlashFunc.obj (FLASHFUNC)
  C:\KEIL\C51\LIB\C51FPL.LIB (?C?FPADD)
  C:\KEIL\C51\LIB\C51FPL.LIB (?C?FPMUL)
  C:\KEIL\C51\LIB\C51FPL.LIB (?C?FPDIV)
  C:\KEIL\C51\LIB\C51FPL.LIB (?C?FPCMP)
  C:\KEIL\C51\LIB\C51FPL.LIB (?C?FCAST)
  C:\KEIL\C51\LIB\C51FPL.LIB (?C?CASTF)
  C:\KEIL\C51\LIB\C51FPL.LIB (?C?FPGETOPN)
  C:\KEIL\C51\LIB\C51L.LIB (?C_INIT)
  C:\KEIL\C51\LIB\C51L.LIB (?C?COPY)
  C:\KEIL\C51\LIB\C51L.LIB (?C?CLDPTR)
  C:\KEIL\C51\LIB\C51L.LIB (?C?CLDOPTR)
  C:\KEIL\C51\LIB\C51L.LIB (?C?CILDPTR)
  C:\KEIL\C51\LIB\C51L.LIB (?C?CSTPTR)
  C:\KEIL\C51\LIB\C51L.LIB (?C?IMUL)
  C:\KEIL\C51\LIB\C51L.LIB (?C?UIDIV)
  C:\KEIL\C51\LIB\C51L.LIB (?C?SIDIV)
  C:\KEIL\C51\LIB\C51L.LIB (?C?IILDX)
  C:\KEIL\C51\LIB\C51L.LIB (?C?ILDIX)
  C:\KEIL\C51\LIB\C51L.LIB (?C?ILDPTR)
  C:\KEIL\C51\LIB\C51L.LIB (?C?ILDOPTR)
  C:\KEIL\C51\LIB\C51L.LIB (?C?IILDPTR)
  C:\KEIL\C51\LIB\C51L.LIB (?C?ISTPTR)
  C:\KEIL\C51\LIB\C51L.LIB (?C?ISTOPTR)
  C:\KEIL\C51\LIB\C51L.LIB (?C?LMUL)
  C:\KEIL\C51\LIB\C51L.LIB (?C?ULDIV)
  C:\KEIL\C51\LIB\C51L.LIB (?C?SLDIV)
  C:\KEIL\C51\LIB\C51L.LIB (?C?LNEG)
  C:\KEIL\C51\LIB\C51L.LIB (?C?SLCMP)
  C:\KEIL\C51\LIB\C51L.LIB (?C?ULCMP)
  C:\KEIL\C51\LIB\C51L.LIB (?C?ULSHR)
  C:\KEIL\C51\LIB\C51L.LIB (?C?SLSHR)
  C:\KEIL\C51\LIB\C51L.LIB (?C?LSHL)
  C:\KEIL\C51\LIB\C51L.LIB (?C?LLDIDATA)
  C:\KEIL\C51\LIB\C51L.LIB (?C?LLDIDATA0)
  C:\KEIL\C51\LIB\C51L.LIB (?C?LSTIDATA)
  C:\KEIL\C51\LIB\C51L.LIB (?C?LSTXDATA)
  C:\KEIL\C51\LIB\C51L.LIB (?C?LSTKXDATA)
  C:\KEIL\C51\LIB\C51L.LIB (?C?OFFXADD)
  C:\KEIL\C51\LIB\C51L.LIB (?C?CCASE)
  C:\KEIL\C51\LIB\C51L.LIB (?C?ICALL)
  C:\KEIL\C51\LIB\C51L.LIB (ABS)


LINK MAP OF MODULE:  .\Output\KR266Xseries (TIMER)


            TYPE    BASE      LENGTH    RELOCATION   SEGMENT NAME
            -----------------------------------------------------

            * * * * * * *   D A T A   M E M O R Y   * * * * * * *
            REG     0000H     0008H     ABSOLUTE     "REG BANK 0"
            DATA    0008H     0013H     UNIT         ?DT?MAIN
            DATA    001BH     0002H     UNIT         ?DT?SCALER
            DATA    001DH     0002H     UNIT         ?DT?INT
BL51 BANKED LINKER/LOCATER V5.03                                                      04/29/2010  14:21:21  PAGE 4


            DATA    001FH     0001H     UNIT         ?BANK?DATA
            BIT     0020H.0   0000H.6   UNIT         _BIT_GROUP_
            BIT     0020H.6   0000H.3   UNIT         ?BI?SYNC
            BIT     0021H.1   0000H.3   UNIT         ?BI?OSDPROC003
            BIT     0021H.4   0000H.3   UNIT         ?BI?AV_TV
            BIT     0021H.7   0000H.2   UNIT         ?BI?TIMER
            BIT     0022H.1   0000H.2   UNIT         ?BI?AUTO
            BIT     0022H.3   0000H.2   UNIT         ?BI?MAIN
            BIT     0022H.5   0000H.2   UNIT         ?BI?KXOSDFUNC
            BIT     0022H.7   0000H.1   UNIT         ?BI?MODE
            BIT     0023H.0   0000H.1   UNIT         ?BI?VIDEO
            BIT     0023H.1   0000H.1   UNIT         ?BI?POWER
            BIT     0023H.2   0000H.1   UNIT         ?BI?SOURCE
            BIT     0023H.3   0000H.1   UNIT         ?BI?IR_NEC
            BIT     0023H.4   0000H.1   UNIT         ?BI?KEY
            BIT     0023H.5   0000H.1   UNIT         ?BI?OSDMENUFUNC003
            BIT     0023H.6   0000H.1   UNIT         ?BI?TV
            BIT     0023H.7   0000H.1   UNIT         ?BI?KXEXTENDFUNC
            BIT     0024H.0   0000H.1   UNIT         ?BI?DDCCI
                    0024H.1   0000H.7                *** GAP ***
            DATA    0025H     0013H     UNIT         _DATA_GROUP_
            IDATA   0038H     0028H     UNIT         ?ID?TIMER
            IDATA   0060H     001EH     UNIT         ?ID?STRUCT
            IDATA   007EH     000FH     UNIT         ?ID?ADJUST
            IDATA   008DH     0008H     UNIT         ?ID?AUTO
            IDATA   0095H     0007H     UNIT         ?ID?MODE
            IDATA   009CH     0004H     UNIT         ?ID?VIDEO
            IDATA   00A0H     0004H     UNIT         ?ID?KEY
            IDATA   00A4H     0003H     UNIT         ?ID?SYNC
            IDATA   00A7H     0002H     UNIT         ?ID?KXOSDFUNC
            IDATA   00A9H     0001H     UNIT         ?ID?POWER
            IDATA   00AAH     0001H     UNIT         ?ID?TV
            IDATA   00ABH     0001H     UNIT         _IDATA_GROUP_
            IDATA   00ACH     0001H     UNIT         ?STACK

            * * * * * * *  X D A T A   M E M O R Y  * * * * * * *
                    0000H     FB00H                  *** GAP ***
            XDATA   FB00H     0070H     UNIT         ?XD?OSDRES003
            XDATA   FB70H     006FH     UNIT         _XDATA_GROUP_
            XDATA   FBDFH     004CH     UNIT         ?XD?DDCCI
            XDATA   FC2BH     0042H     UNIT         ?XD?STRUCT
            XDATA   FC6DH     0017H     UNIT         ?XD?FLASHFUNC
            XDATA   FC84H     0006H     UNIT         ?XD?IR_NEC
            XDATA   FC8AH     0006H     UNIT         ?XD?TV
            XDATA   FC90H     0006H     UNIT         ?XD?KXOSDFUNC
            XDATA   FC96H     0005H     UNIT         ?XD?VIDEO
            XDATA   FC9BH     0004H     UNIT         ?XD?MODE
            XDATA   FC9FH     0004H     UNIT         ?XD?OSDPROC003
            XDATA   FCA3H     0003H     UNIT         ?XD?AV_TV
            XDATA   FCA6H     0002H     UNIT         ?XD?SCALER
            XDATA   FCA8H     0001H     UNIT         ?XD?ADJUST
            XDATA   FCA9H     0001H     UNIT         ?XD?_BCHECKTUNER?TUNERFUNC
            XDATA   FCAAH     0001H     UNIT         ?XD?DDCCIDBG
                    FCABH     00D5H                  *** GAP ***
            XDATA   FD80H     0080H     ABSOLUTE     
                    FE00H     00FFH                  *** GAP ***
            XDATA   FEFFH     0001H     ABSOLUTE     
BL51 BANKED LINKER/LOCATER V5.03                                                      04/29/2010  14:21:21  PAGE 5


                    FF00H     0001H                  *** GAP ***
            XDATA   FF01H     0001H     ABSOLUTE     
                    FF02H     0006H                  *** GAP ***
            XDATA   FF08H     0001H     ABSOLUTE     
            XDATA   FF09H     0001H     ABSOLUTE     
            XDATA   FF0AH     0001H     ABSOLUTE     
            XDATA   FF0BH     0001H     ABSOLUTE     
            XDATA   FF0CH     0001H     ABSOLUTE     
            XDATA   FF0DH     0001H     ABSOLUTE     
            XDATA   FF0EH     0001H     ABSOLUTE     
            XDATA   FF0FH     0001H     ABSOLUTE     
            XDATA   FF10H     0001H     ABSOLUTE     
            XDATA   FF11H     0001H     ABSOLUTE     
            XDATA   FF12H     0001H     ABSOLUTE     
            XDATA   FF13H     0001H     ABSOLUTE     
            XDATA   FF14H     0001H     ABSOLUTE     
            XDATA   FF15H     0001H     ABSOLUTE     
            XDATA   FF16H     0001H     ABSOLUTE     
            XDATA   FF17H     0001H     ABSOLUTE     
            XDATA   FF18H     0001H     ABSOLUTE     
                    FF19H     0002H                  *** GAP ***
            XDATA   FF1BH     0001H     ABSOLUTE     
                    FF1CH     0002H                  *** GAP ***
            XDATA   FF1EH     0001H     ABSOLUTE     
                    FF1FH     0002H                  *** GAP ***
            XDATA   FF21H     0001H     ABSOLUTE     
                    FF22H     0001H                  *** GAP ***
            XDATA   FF23H     0001H     ABSOLUTE     
            XDATA   FF24H     0001H     ABSOLUTE     
            XDATA   FF25H     0001H     ABSOLUTE     
            XDATA   FF26H     0001H     ABSOLUTE     
            XDATA   FF27H     0001H     ABSOLUTE     
            XDATA   FF28H     0001H     ABSOLUTE     
            XDATA   FF29H     0001H     ABSOLUTE     
            XDATA   FF2AH     0001H     ABSOLUTE     
            XDATA   FF2BH     0001H     ABSOLUTE     
            XDATA   FF2CH     0001H     ABSOLUTE     
                    FF2DH     0019H                  *** GAP ***
            XDATA   FF46H     0001H     ABSOLUTE     
                    FF47H     0001H                  *** GAP ***
            XDATA   FF48H     0001H     ABSOLUTE     
                    FF49H     0001H                  *** GAP ***
            XDATA   FF4AH     0001H     ABSOLUTE     
            XDATA   FF4BH     0001H     ABSOLUTE     
            XDATA   FF4CH     0001H     ABSOLUTE     
            XDATA   FF4DH     0001H     ABSOLUTE     
            XDATA   FF4EH     0001H     ABSOLUTE     
            XDATA   FF4FH     0001H     ABSOLUTE     
            XDATA   FF50H     0001H     ABSOLUTE     
            XDATA   FF51H     0001H     ABSOLUTE     
            XDATA   FF52H     0001H     ABSOLUTE     
                    FF53H     000DH                  *** GAP ***
            XDATA   FF60H     0001H     ABSOLUTE     
            XDATA   FF61H     0001H     ABSOLUTE     
            XDATA   FF62H     0001H     ABSOLUTE     
            XDATA   FF63H     0001H     ABSOLUTE     
            XDATA   FF64H     0001H     ABSOLUTE     
BL51 BANKED LINKER/LOCATER V5.03                                                      04/29/2010  14:21:21  PAGE 6


            XDATA   FF65H     0001H     ABSOLUTE     
            XDATA   FF66H     0001H     ABSOLUTE     
            XDATA   FF67H     0001H     ABSOLUTE     
            XDATA   FF68H     0001H     ABSOLUTE     
            XDATA   FF69H     0001H     ABSOLUTE     
            XDATA   FF6AH     0001H     ABSOLUTE     
            XDATA   FF6BH     0001H     ABSOLUTE     
            XDATA   FF6CH     0001H     ABSOLUTE     
            XDATA   FF6DH     0001H     ABSOLUTE     
                    FF6EH     0001H                  *** GAP ***
            XDATA   FF6FH     0001H     ABSOLUTE     
            XDATA   FF70H     0001H     ABSOLUTE     
            XDATA   FF71H     0001H     ABSOLUTE     
            XDATA   FF72H     0001H     ABSOLUTE     
            XDATA   FF73H     0001H     ABSOLUTE     
            XDATA   FF74H     0001H     ABSOLUTE     
                    FF75H     0001H                  *** GAP ***
            XDATA   FF76H     0001H     ABSOLUTE     
                    FF77H     0009H                  *** GAP ***
            XDATA   FF80H     0001H     ABSOLUTE     
            XDATA   FF81H     0001H     ABSOLUTE     
            XDATA   FF82H     0001H     ABSOLUTE     
            XDATA   FF83H     0001H     ABSOLUTE     
            XDATA   FF84H     0001H     ABSOLUTE     
            XDATA   FF85H     0001H     ABSOLUTE     
            XDATA   FF86H     0001H     ABSOLUTE     
            XDATA   FF87H     0001H     ABSOLUTE     
            XDATA   FF88H     0001H     ABSOLUTE     
            XDATA   FF89H     0001H     ABSOLUTE     
            XDATA   FF8AH     0001H     ABSOLUTE     
            XDATA   FF8BH     0001H     ABSOLUTE     
            XDATA   FF8CH     0001H     ABSOLUTE     
            XDATA   FF8DH     0001H     ABSOLUTE     
            XDATA   FF8EH     0001H     ABSOLUTE     
            XDATA   FF8FH     0001H     ABSOLUTE     
            XDATA   FF90H     0001H     ABSOLUTE     
            XDATA   FF91H     0001H     ABSOLUTE     
            XDATA   FF92H     0001H     ABSOLUTE     
            XDATA   FF93H     0001H     ABSOLUTE     
                    FF94H     0002H                  *** GAP ***
            XDATA   FF96H     0001H     ABSOLUTE     
            XDATA   FF97H     0001H     ABSOLUTE     
            XDATA   FF98H     0001H     ABSOLUTE     
            XDATA   FF99H     0001H     ABSOLUTE     
            XDATA   FF9AH     0001H     ABSOLUTE     
            XDATA   FF9BH     0001H     ABSOLUTE     
            XDATA   FF9CH     0001H     ABSOLUTE     
            XDATA   FF9DH     0001H     ABSOLUTE     
            XDATA   FF9EH     0001H     ABSOLUTE     
            XDATA   FF9FH     0001H     ABSOLUTE     
            XDATA   FFA0H     0001H     ABSOLUTE     
            XDATA   FFA1H     0001H     ABSOLUTE     
            XDATA   FFA2H     0001H     ABSOLUTE     
            XDATA   FFA3H     0001H     ABSOLUTE     
            XDATA   FFA4H     0001H     ABSOLUTE     
                    FFA5H     0001H                  *** GAP ***
            XDATA   FFA6H     0001H     ABSOLUTE     
BL51 BANKED LINKER/LOCATER V5.03                                                      04/29/2010  14:21:21  PAGE 7


                    FFA7H     0019H                  *** GAP ***
            XDATA   FFC0H     0001H     ABSOLUTE     
            XDATA   FFC1H     0001H     ABSOLUTE     
            XDATA   FFC2H     0001H     ABSOLUTE     
            XDATA   FFC3H     0001H     ABSOLUTE     
            XDATA   FFC4H     0001H     ABSOLUTE     
            XDATA   FFC5H     0001H     ABSOLUTE     
            XDATA   FFC6H     0001H     ABSOLUTE     
            XDATA   FFC7H     0001H     ABSOLUTE     
            XDATA   FFC8H     0001H     ABSOLUTE     
            XDATA   FFC9H     0001H     ABSOLUTE     
            XDATA   FFCAH     0001H     ABSOLUTE     
            XDATA   FFCBH     0001H     ABSOLUTE     
            XDATA   FFCCH     0001H     ABSOLUTE     
            XDATA   FFCDH     0001H     ABSOLUTE     
            XDATA   FFCEH     0001H     ABSOLUTE     
            XDATA   FFCFH     0001H     ABSOLUTE     
            XDATA   FFD0H     0001H     ABSOLUTE     
            XDATA   FFD1H     0001H     ABSOLUTE     
            XDATA   FFD2H     0001H     ABSOLUTE     
            XDATA   FFD3H     0001H     ABSOLUTE     
            XDATA   FFD4H     0001H     ABSOLUTE     
            XDATA   FFD5H     0001H     ABSOLUTE     
            XDATA   FFD6H     0001H     ABSOLUTE     
            XDATA   FFD7H     0001H     ABSOLUTE     
            XDATA   FFD8H     0001H     ABSOLUTE     
            XDATA   FFD9H     0001H     ABSOLUTE     
            XDATA   FFDAH     0001H     ABSOLUTE     
            XDATA   FFDBH     0001H     ABSOLUTE     
            XDATA   FFDCH     0001H     ABSOLUTE     
                    FFDDH     000DH                  *** GAP ***
            XDATA   FFEAH     0001H     ABSOLUTE     
                    FFEBH     0002H                  *** GAP ***
            XDATA   FFEDH     0001H     ABSOLUTE     
            XDATA   FFEEH     0001H     ABSOLUTE     
                    FFEFH     0004H                  *** GAP ***
            XDATA   FFF3H     0001H     ABSOLUTE     
            XDATA   FFF4H     0001H     ABSOLUTE     
            XDATA   FFF5H     0001H     ABSOLUTE     
                    FFF6H     0006H                  *** GAP ***
            XDATA   FFFCH     0001H     ABSOLUTE     
            XDATA   FFFDH     0001H     ABSOLUTE     
            XDATA   FFFEH     0001H     ABSOLUTE     

            * * * * * * *   C O D E   M E M O R Y   * * * * * * *
            CODE    0000H     0003H     ABSOLUTE     
            CODE    0003H     0001H     UNIT         ?CO?OSDMENUFUNC003
                    0004H     0007H                  *** GAP ***
            CODE    000BH     0003H     ABSOLUTE     
                    000EH     0005H                  *** GAP ***
            CODE    0013H     0003H     ABSOLUTE     
            CODE    0016H     0910H     UNIT         ?C?LIB_CODE
            CODE    0926H     0243H     INBLOCK      ?BANK?SELECT
            CODE    0B69H     01A9H     UNIT         ?C_INITSEG
            CODE    0D12H     0105H     UNIT         ?PR?_CSCALERLOADHARDWAREVLCFONT?RTDACCESS
            CODE    0E17H     00D5H     UNIT         ?CO?RTDACCESS
            CODE    0EECH     00B8H     UNIT         ?PR?DDCCI_RXINT?INT
BL51 BANKED LINKER/LOCATER V5.03                                                      04/29/2010  14:21:21  PAGE 8


            CODE    0FA4H     00B4H     UNIT         ?PR?_CI2CWRITE?I2C
            CODE    1058H     00A7H     UNIT         ?C_C51STARTUP
            CODE    10FFH     0090H     UNIT         ?PR?_CSCALERSETDATAPORTBIT?RTDACCESS
            CODE    118FH     008FH     UNIT         ?PR?CSCALERGETVLD?RTDACCESS
            CODE    121EH     008EH     UNIT         ?PR?INTPROCTIMER0?INT
            CODE    12ACH     0079H     UNIT         ?PR?_IR_TRANS_COMMAND?I2C
            CODE    1325H     006BH     UNIT         ?PR?RECEIVEEDIDINT1?INT
            CODE    1390H     0065H     UNIT         ?PR?_CSCALERCODEW?RTDACCESS
            CODE    13F5H     0060H     UNIT         ?PR?_AS6300_SET_FREQ?I2C
            CODE    1455H     005DH     UNIT         ?PR?RTDACCESS
            CODE    14B2H     0058H     UNIT         ?PR?CMCUINITIAL?MCU
            CODE    150AH     0057H     UNIT         ?PR?_CI2CREAD?I2C
            CODE    1561H     0055H     UNIT         ?CO?FUNC
            CODE    15B6H     004CH     UNIT         ?PR?_CSCALERSETDATAPORTBYTE?RTDACCESS
            CODE    1602H     0044H     UNIT         ?C?LDIV
            CODE    1646H     0040H     UNIT         ?PR?_CI2CWRITEFM?I2C
            CODE    1686H     0039H     UNIT         ?PR?I2C
            CODE    16BFH     0035H     UNIT         ?PR?_CI2CSENDBYTEFM?I2C
            CODE    16F4H     000AH     UNIT         ?CO?STRUCT
                    16FEH     0002H                  *** GAP ***
            CODE    1700H     003BH     PAGE         ?BANK?SWITCH
            CODE    173BH     0035H     UNIT         ?PR?_CI2CWRITESTART?I2C
            CODE    1770H     0031H     UNIT         ?PR?INT
            CODE    17A1H     0031H     UNIT         ?PR?_CSCALERSETBIT?RTDACCESS
            CODE    17D2H     002FH     UNIT         ?PR?_CSCALERREAD?RTDACCESS
            CODE    1801H     002DH     UNIT         ?PR?_CI2CSENDBYTE?I2C
            CODE    182EH     002CH     UNIT         ?PR?DELAY5US?I2C
            CODE    185AH     0026H     UNIT         ?PR?_CSCALERWRITE?RTDACCESS
            CODE    1880H     0026H     UNIT         ?PR?CSCALERGETBITVLD?RTDACCESS
            CODE    18A6H     0025H     UNIT         ?CO?RTD2662
            CODE    18CBH     0021H     UNIT         ?PR?_DELAY_US?I2C
            CODE    18ECH     0021H     UNIT         ?PR?CI2CGETBYTE?I2C
            CODE    190DH     001FH     UNIT         ?PR?_CSCALERWRITEAMOUNT?RTDACCESS
            CODE    192CH     001EH     UNIT         ?PR?CI2CGETACKFM?I2C
            CODE    194AH     001CH     UNIT         ?PR?DDCCI_TXINT?INT
            CODE    1966H     0019H     UNIT         ?PR?_CI2CSTART?I2C
            CODE    197FH     0018H     UNIT         ?PR?_CSCALERGETBIT?RTDACCESS
            CODE    1997H     0018H     UNIT         ?PR?_CI2CSTARTFM?I2C
            CODE    19AFH     0016H     UNIT         ?PR?CI2CGETACK?I2C
            CODE    19C5H     0013H     UNIT         ?PR?_CSCALERSENDADDR?RTDACCESS
            CODE    19D8H     0012H     UNIT         ?PR?_ABS?ABS
            CODE    19EAH     0011H     UNIT         ?PR?_CSCALERSETBYTE?RTDACCESS
            CODE    19FBH     0010H     UNIT         ?PR?CI2CSENDACK?I2C
            CODE    1A0BH     000EH     UNIT         ?PR?CI2CSTOP?I2C
            CODE    1A19H     000AH     UNIT         ?PR?DDCCI_INITRX?INT
            CODE    1A23H     000AH     UNIT         ?PR?DDC2BI_INITTX?INT
            CODE    1A2DH     000AH     UNIT         ?PR?CI2CSTOPFM?I2C
            CODE    1A37H     0009H     UNIT         ?PR?_CSCALERPAGESELECT?RTDACCESS
            CODE    1A40H     0009H     UNIT         ?PR?CI2CSENDNOACK?I2C

            * * * * * * *   C O D E   B A N K   0   * * * * * * *
                    0000H     1C00H                  *** GAP ***
            BANK0   1C00H     0573H     UNIT         ?CO?MAIN
            BANK0   2173H     0046H     UNIT         ?CO?IR_NEC
            BANK0   21B9H     0002H     UNIT         ?CO?KEY
            BANK0   21BBH     0722H     UNIT         ?CO?MODE
            BANK0   28DDH     0090H     UNIT         ?CO?EEPROM
BL51 BANKED LINKER/LOCATER V5.03                                                      04/29/2010  14:21:21  PAGE 9


            BANK0   296DH     0194H     UNIT         ?CO?SCALER
            BANK0   2B01H     0001H     UNIT         ?CO?HDMI
            BANK0   2B02H     009CH     UNIT         ?CO?ADJUST_CUSTOMER
            BANK0   2B9EH     028EH     UNIT         ?CO?VIDEO
            BANK0   2E2CH     0002H     UNIT         ?CO?KX_SC7313
            BANK0   2E2EH     000EH     UNIT         ?CO?ADJUST
            BANK0   2E3CH     0001H     UNIT         ?CO?YPBPR
            BANK0   2E3DH     0383H     UNIT         ?PR?_CADJUSTAPLLFASTLOCK?ADJUST
            BANK0   31C0H     034AH     UNIT         ?PR?CAUTODOAUTOCLOCK?AUTO
            BANK0   350AH     032BH     UNIT         ?PR?_CADJUSTADCCLOCKYPBPR?ADJUST
            BANK0   3835H     0324H     UNIT         ?PR?AUTO
            BANK0   3B59H     031CH     UNIT         ?PR?ADJUST
            BANK0   3E75H     0300H     UNIT         ?PR?_CMODESETSCALING?MODE
            BANK0   4175H     02E8H     UNIT         ?PR?_CADJUSTADCCLOCK?ADJUST
            BANK0   445DH     02C4H     UNIT         ?PR?MODE
            BANK0   4721H     02B5H     UNIT         ?PR?_CADJUSTADCCLOCK_OSD?ADJUST
            BANK0   49D6H     02A9H     UNIT         ?PR?_CADJUSTIVS2DVSDELAY?ADJUST
            BANK0   4C7FH     0282H     UNIT         ?PR?CVIDEODISPLAYSET?VIDEO
            BANK0   4F01H     027CH     UNIT         ?PR?CMODESEARCHACCEPTIVEMODEVGA?MODE
            BANK0   517DH     0255H     UNIT         ?PR?CAUTODOAUTOPHASE?AUTO
            BANK0   53D2H     0238H     UNIT         ?PR?_CADJUSTSATURATIONHUE?ADJUST_CUSTOMER
            BANK0   560AH     022FH     UNIT         ?PR?CSYNCGETSYNCTYPEAUTORUN?SYNC
            BANK0   5839H     022CH     UNIT         ?PR?ADJUST_CUSTOMER
            BANK0   5A65H     0219H     UNIT         ?PR?CAUTOTUNEBALANCE?AUTO
            BANK0   5C7EH     01FDH     UNIT         ?PR?CFRAMESYNCDO?FRAMESYNC
            BANK0   5E7BH     01FBH     UNIT         ?PR?CMODESEARCHMODEVGA?MODE
            BANK0   6076H     01D5H     UNIT         ?PR?_CADJUSTDPLL?AV_TV
            BANK0   624BH     01CEH     UNIT         ?PR?_CADJUSTPHASE?ADJUST
            BANK0   6419H     01BBH     UNIT         ?PR?CMODERESETMODE?MODE
            BANK0   65D4H     01A8H     UNIT         ?PR?_CADJUSTPEAKINGFILTER?ADJUST_CUSTOMER
            BANK0   677CH     0196H     UNIT         ?PR?_CADJUSTGAMMA?ADJUST
            BANK0   6912H     018EH     UNIT         ?PR?_CLOCKCHANNEL?XF_6AC
            BANK0   6AA0H     018AH     UNIT         ?PR?FLASH
            BANK0   6C2AH     0187H     UNIT         ?PR?_CADJUSTHUESATSET?ADJUST_CUSTOMER
            BANK0   6DB1H     0182H     UNIT         ?PR?CMODEDEINTERLACESETTING?MODE
            BANK0   6F33H     0179H     UNIT         ?PR?_CAUTOPHASESEARCH?AUTO
            BANK0   70ACH     016CH     UNIT         ?PR?_CMODESETDISPLAY?MODE
            BANK0   7218H     0165H     UNIT         ?PR?_CADJUSTMATRIXMULTIPLY?ADJUST_CUSTOMER
            BANK0   737DH     0158H     UNIT         ?PR?CAUTODOAUTOPOSITION?AUTO
            BANK0   74D5H     0154H     UNIT         ?PR?_CACCADJUST?MODE
            BANK0   7629H     014AH     UNIT         ?PR?CSYNCPROCESS?SYNC
            BANK0   7773H     0143H     UNIT         ?PR?_CADJUSTSETHUEUVDELTA?ADJUST_CUSTOMER
            BANK0   78B6H     0137H     UNIT         ?PR?CKEYSCAN?KEY_PCB2660_003
            BANK0   79EDH     0133H     UNIT         ?PR?CMODEMEASUREDATA?MODE
            BANK0   7B20H     0127H     UNIT         ?PR?CFRAMESYNCFASTDO?FRAMESYNC
            BANK0   7C47H     0127H     UNIT         ?PR?_CADJUSTSINE?ADJUST_CUSTOMER
            BANK0   7D6EH     0122H     UNIT         ?PR?CMODEDETECTCOMMON?MODE
            BANK0   7E90H     0114H     UNIT         ?PR?CMODESTARTUPVGA?MODE
            BANK0   7FA4H     0113H     UNIT         ?PR?_CADJUSTCOSINE?ADJUST_CUSTOMER
            BANK0   80B7H     0110H     UNIT         ?PR?_CSOURCESCANINPUTPORTVGA?SOURCE
            BANK0   81C7H     010FH     UNIT         ?PR?_CAUTOMEASUREPOSITIONV?AUTO
            BANK0   82D6H     0105H     UNIT         ?PR?_CAUTOMEASURECOLOR?AUTO
            BANK0   83DBH     00FDH     UNIT         ?PR?IRPROCESSMESSAGE?KEY
            BANK0   84D8H     00FCH     UNIT         ?PR?CTVAUTOSEARCH?XF_6AC
            BANK0   85D4H     00FBH     UNIT         ?PR?_KX_CSELECTVIDEOCHANNEL?RTD2662
            BANK0   86CFH     00FBH     UNIT         ?PR?CEEPROMLOADDEFAULT?FLASH
            BANK0   87CAH     00F1H     UNIT         ?PR?_CSETFMFREQ?FUNC
BL51 BANKED LINKER/LOCATER V5.03                                                      04/29/2010  14:21:21  PAGE 10


            BANK0   88BBH     00EEH     UNIT         ?PR?CVIDEOPROCESS?VIDEO
            BANK0   89A9H     00EBH     UNIT         ?PR?_CMODECOMPAREPRESETMODEVGA?MODE
            BANK0   8A94H     00E2H     UNIT         ?PR?_CAUTOTUNEDEVICEOFFSET?AUTO
            BANK0   8B76H     00E2H     UNIT         ?PR?CMODESETFREERUN?MODE
            BANK0   8C58H     00DFH     UNIT         ?PR?_CMODECHECKFIFOMODEVGA?MODE
            BANK0   8D37H     00D9H     UNIT         ?PR?CSETVIDEOPARAMETER?VIDEO
            BANK0   8E10H     00D7H     UNIT         ?PR?_CAUTOMEASUREPOSITIONH?AUTO
            BANK0   8EE7H     00D7H     UNIT         ?PR?CADJUSTUPDATECENTERDATA?ADJUST
            BANK0   8FBEH     00CAH     UNIT         ?PR?_CADJUSTYPBPRSATURATION?ADJUST_CUSTOMER
            BANK0   9088H     00C8H     UNIT         ?PR?_FLSAVEDATA?FLASHFUNC
            BANK0   9150H     00C7H     UNIT         ?PR?CAUTODOAUTOCONFIG?AUTO
            BANK0   9217H     00C4H     UNIT         ?PR?CSCALERRESET?SCALER
            BANK0   92DBH     00C3H     UNIT         ?PR?_CMODESETCAPTUREWINDOW?MODE
            BANK0   939EH     00BDH     UNIT         ?PR?CMODEGETSCALESETTING?MODE
            BANK0   945BH     00BCH     UNIT         ?PR?_CADJUSTCHECKADCCLOCKRANGE?ADJUST
            BANK0   9517H     00BAH     UNIT         ?PR?CINITFM?FUNC
            BANK0   95D1H     00B9H     UNIT         ?PR?CADJUSTINTERLACEIVS2DVSDELAY?ADJUST
            BANK0   968AH     00B8H     UNIT         ?PR?CMODESETUPMODEVGA?MODE
            BANK0   9742H     00B6H     UNIT         ?PR?CMANUALSEARCH?XF_6AC
            BANK0   97F8H     00B2H     UNIT         ?PR?CAUTOWAITFINISH?AUTO
            BANK0   98AAH     00ABH     UNIT         ?PR?KX_CVIDEOISCHANGE?AV_TV
            BANK0   9955H     00AAH     UNIT         ?PR?CMODEINTERLACECHECK?MODE
            BANK0   99FFH     00A5H     UNIT         ?PR?_CAUTOCHANGEADCGAIN?AUTO
            BANK0   9AA4H     00A5H     UNIT         ?PR?_CAUTOCHANGEADCOFFSET?AUTO
            BANK0   9B49H     00A5H     UNIT         ?PR?KX_CSETTVFRAMESYNC?AV_TV
            BANK0   9BEEH     00A1H     UNIT         ?PR?_KX_CI2CWRITEIFPLLDM?XF_6AC
            BANK0   9C8FH     00A0H     UNIT         ?PR?CSETMODEREADY?SYNC
            BANK0   9D2FH     009FH     UNIT         ?PR?CMODEGETMODETABLEINFO?MODE
            BANK0   9DCEH     009EH     UNIT         ?PR?_FLSAVESTRUCT?FLASH
            BANK0   9E6CH     009DH     UNIT         ?PR?CADJUSTSETSHARPNESSTABLE?ADJUST
            BANK0   9F09H     009AH     UNIT         ?PR?_FLLOADDATA?FLASHFUNC
            BANK0   9FA3H     0099H     UNIT         ?PR?_CAUTOTUNEDEVICEGAIN?AUTO
            BANK0   A03CH     0099H     UNIT         ?PR?CMODEHANDLER?MODE
            BANK0   A0D5H     008FH     UNIT         ?PR?_CMODECOMPAREFIFOMODEVGA?MODE
            BANK0   A164H     008FH     UNIT         ?PR?CCHANGECHANNEL?TV
            BANK0   A1F3H     008CH     UNIT         ?PR?CTUNINGCURRENTCHANNEL?TV
            BANK0   A27FH     008BH     UNIT         ?PR?BTVSIGCHANGE?VIDEO
            BANK0   A30AH     0087H     UNIT         ?PR?_CADJUSTCOLORGAMMACAL?ADJUST_CUSTOMER
            BANK0   A391H     0087H     UNIT         ?PR?_FLRANDOMPAGESAVEDATA?FLASH
            BANK0   A418H     0081H     UNIT         ?PR?KX_CSEARCHVIDEOMODE?RTD2662
            BANK0   A499H     007EH     UNIT         ?PR?CMODEISCHANGE?MODE
            BANK0   A517H     0079H     UNIT         ?PR?CIRDAINITIAL?IR_NEC
            BANK0   A590H     0079H     UNIT         ?PR?_CFLASHMOVEPAGE?FLASHFUNC
            BANK0   A609H     0078H     UNIT         ?PR?_CSETTVCOLOR?VIDEO
            BANK0   A681H     0078H     UNIT         ?PR?_FLRANDOMPAGESAVESTRUCT?FLASH
            BANK0   A6F9H     0077H     UNIT         ?PR?_CHANGE_VDC_GAIN?AUTO
            BANK0   A770H     0077H     UNIT         ?PR?CSETVIDEOMODEREADY?VIDEO
            BANK0   A7E7H     0073H     UNIT         ?PR?_CADJUSTTVPQ?AV_TV
            BANK0   A85AH     0072H     UNIT         ?PR?_CTIMERACTIVETIMEREVENT?TIMER
            BANK0   A8CCH     0072H     UNIT         ?PR?CINITINPUTSOURCE?FUNC
            BANK0   A93EH     0071H     UNIT         ?PR?CADJUSTCONTRAST?ADJUST_CUSTOMER
            BANK0   A9AFH     006FH     UNIT         ?PR?_FLLOADSTRUCT?FLASH
            BANK0   AA1EH     006EH     UNIT         ?PR?_CGETTARGETVALUE?AUTO
            BANK0   AA8CH     006EH     UNIT         ?PR?KX_CVIDEOMODEDETECT?AV_TV
            BANK0   AAFAH     006CH     UNIT         ?PR?_CVIDEOSETSATURATION?ADJUST_CUSTOMER
            BANK0   AB66H     006CH     UNIT         ?PR?CEEPROMLOADCOLORTEMPDATADEFAULT?FLASH
            BANK0   ABD2H     006BH     UNIT         ?PR?_CFRAMESYNCSPREADSPECTRUMFINETUNE?FRAMESYNC
BL51 BANKED LINKER/LOCATER V5.03                                                      04/29/2010  14:21:21  PAGE 11


            BANK0   AC3DH     0069H     UNIT         ?PR?CPOWERDOWNCUSTOMERCONTROL?POWER
            BANK0   ACA6H     0068H     UNIT         ?PR?_CINITSOUNDCHANNEL?FUNC
            BANK0   AD0EH     0067H     UNIT         ?PR?CADJUSTVPOSITION?ADJUST
            BANK0   AD75H     0065H     UNIT         ?PR?CGETCURRSOURCEPOS?FUNC
            BANK0   ADDAH     0065H     UNIT         ?PR?_CSETCURRSOURCE?FUNC
            BANK0   AE3FH     0064H     UNIT         ?PR?FLASHFUNC
            BANK0   AEA3H     0063H     UNIT         ?PR?_BCURRSOURCESUPPORT?FUNC
            BANK0   AF06H     005EH     UNIT         ?PR?CMISCSETPINSHARE?MISC
            BANK0   AF64H     005CH     UNIT         ?PR?CCALCPANELWDITH?MODE
            BANK0   AFC0H     005BH     UNIT         ?PR?_CTIMERREACTIVETIMEREVENT?TIMER
            BANK0   B01BH     005BH     UNIT         ?PR?CKEYMESSAGEPROC?KEY_PCB2660_003
            BANK0   B076H     005BH     UNIT         ?PR?CEEPROMINITIALCENTERMODEDATA?FLASH
            BANK0   B0D1H     005AH     UNIT         ?PR?_CSCALERGETDATAPORTBYTE?SCALER
            BANK0   B12BH     005AH     UNIT         ?PR?_KX_CSETTUNER?XF_6AC
            BANK0   B185H     0059H     UNIT         ?PR?CSYNCMEASURESYNCTYPE?SYNC
            BANK0   B1DEH     0059H     UNIT         ?PR?CPOWERCONTROL?POWER
            BANK0   B237H     0058H     UNIT         ?PR?CIRKEYSCAN?IR_NEC
            BANK0   B28FH     0057H     UNIT         ?PR?_CAUTOWAITFORIVS?AUTO
            BANK0   B2E6H     0057H     UNIT         ?PR?CSYNCHANDLER?SYNC
            BANK0   B33DH     0055H     UNIT         ?PR?CFRAMESYNCDETECT?FRAMESYNC
            BANK0   B392H     0055H     UNIT         ?PR?SCANPRESETIR?IR_NEC
            BANK0   B3E7H     0052H     UNIT         ?PR?_CTIMERWAITFOREVENT?TIMER
            BANK0   B439H     0052H     UNIT         ?PR?_CHANGE_VDC_OFFSET?AUTO
            BANK0   B48BH     0051H     UNIT         ?PR?_CMODESETUPETCS?MODE
            BANK0   B4DCH     0051H     UNIT         ?PR?CEEPROMLOADHUESATDATADEFAULT?FLASH
            BANK0   B52DH     0050H     UNIT         ?PR?CGETTVMODE?AV_TV
            BANK0   B57DH     004FH     UNIT         ?PR?_CADJUSTDIGITALFILTER?ADJUST
            BANK0   B5CCH     004FH     UNIT         ?PR?CEEPROMINITIALMODEDATA?FLASH
            BANK0   B61BH     004DH     UNIT         ?PR?_CFRAMESYNCTESTSYNC?FRAMESYNC
            BANK0   B668H     004DH     UNIT         ?PR?FRAMESYNC
            BANK0   B6B5H     004DH     UNIT         ?PR?BCHANGESOURCE?FUNC
            BANK0   B702H     004CH     UNIT         ?PR?CKEYHANDLER?KEY
            BANK0   B74EH     004CH     UNIT         ?PR?CEEPROMSAVEUSERFIFOMODEDATA?FLASH
            BANK0   B79AH     004CH     UNIT         ?PR?_CEEPROMLOADUSERFIFOMODEDATA?FLASH
            BANK0   B7E6H     004BH     UNIT         ?PR?CEEPROMSTARTUPCHECK?FLASH
            BANK0   B831H     004AH     UNIT         ?PR?_CSOURCESCANINPUTPORT?SOURCE
            BANK0   B87BH     0049H     UNIT         ?PR?BCNOCHECKSYNCMODE?SYNC
            BANK0   B8C4H     0049H     UNIT         ?PR?CVIDEOINITIAL?VIDEO
            BANK0   B90DH     0049H     UNIT         ?PR?CAUDIOCTRL?TV
            BANK0   B956H     0048H     UNIT         ?PR?_CADJUSTGETAPLLSETTING?ADJUST
            BANK0   B99EH     0045H     UNIT         ?PR?CMODESETUPCOLORCONVERSION?MODE
            BANK0   B9E3H     0045H     UNIT         ?PR?_KX_CWRITETUNER?TUNERFUNC
            BANK0   BA28H     0044H     UNIT         ?PR?_CADJUSTBACKGROUNDCOLOR?ADJUST
            BANK0   BA6CH     0044H     UNIT         ?PR?CMAINUSERINITIAL?MAIN
            BANK0   BAB0H     0044H     UNIT         ?PR?AV_TV
            BANK0   BAF4H     0044H     UNIT         ?PR?_CEEPROMLOADMODEDATA?FLASH
            BANK0   BB38H     0043H     UNIT         ?PR?TIMER
            BANK0   BB7BH     0043H     UNIT         ?PR?VIDEO
            BANK0   BBBEH     0042H     UNIT         ?PR?CSETVIDEOCOLOR?VIDEO
            BANK0   BC00H     0041H     UNIT         ?PR?CSETVOLUME?FUNC
            BANK0   BC41H     003FH     UNIT         ?PR?CMAINSYSTEMINITIAL?MAIN
            BANK0   BC80H     003EH     UNIT         ?PR?_CADJUSTDITHER?ADJUST
            BANK0   BCBEH     003EH     UNIT         ?PR?SETFM?FUNC
            BANK0   BCFCH     003EH     UNIT         ?PR?_CEEPROMLOADCENTERMODEDATA?FLASH
            BANK0   BD3AH     003DH     UNIT         ?PR?_CSETPWM?ADJUST
            BANK0   BD77H     003DH     UNIT         ?PR?CEEPROMLOADBRICONDATADEFAULT?FLASH
            BANK0   BDB4H     003CH     UNIT         ?PR?_CTIMERCANCELTIMEREVENT?TIMER
BL51 BANKED LINKER/LOCATER V5.03                                                      04/29/2010  14:21:21  PAGE 12


            BANK0   BDF0H     003CH     UNIT         ?PR?CBLUEBACKGROUNDHANDLER?AV_TV
            BANK0   BE2CH     003CH     UNIT         ?PR?_KX_CI2CSENDBYTE?TUNERFUNC
            BANK0   BE68H     003CH     UNIT         ?PR?_CTIMERPOLLINGFLAGPROCFORMCU?FLASHFUNC
            BANK0   BEA4H     003BH     UNIT         ?PR?CTIMERHANDLER?TIMER
            BANK0   BEDFH     003BH     UNIT         ?PR?CADJUSTADCOFFSET?ADJUST
            BANK0   BF1AH     0039H     UNIT         ?PR?XF_6AC
            BANK0   BF53H     0039H     UNIT         ?PR?_KX_CADJUSTVDCHUE?RTD2662
            BANK0   BF8CH     0038H     UNIT         ?PR?CADJUSTADCGAIN?ADJUST
            BANK0   BFC4H     0037H     UNIT         ?PR?CMODEPOWERSAVINGEVENT?MODE
            BANK0   BFFBH     0037H     UNIT         ?PR?_CSETTVCHANNEL?XF_6AC
            BANK0   C032H     0037H     UNIT         ?PR?CEEPROMLOADADCDATA?FLASH
            BANK0   C069H     0036H     UNIT         ?PR?_CADJUSTMZHUESAT?ADJUST_CUSTOMER
            BANK0   C09FH     0036H     UNIT         ?PR?_FLASHERASESECTOR?FLASHFUNC
            BANK0   C0D5H     0036H     UNIT         ?PR?_FLCOMPSAVEDATA?FLASHFUNC
            BANK0   C10BH     0035H     UNIT         ?PR?_CHECKKEYUP?KEY
            BANK0   C140H     0034H     UNIT         ?PR?CCUSTOMERINITIAL?SCALER
            BANK0   C174H     0032H     UNIT         ?PR?MODELIMIT?MODE
            BANK0   C1A6H     0032H     UNIT         ?PR?CLOADEDID?MISC
            BANK0   C1D8H     0032H     UNIT         ?PR?CMODERESETTVMODE?TV
            BANK0   C20AH     0031H     UNIT         ?PR?CSCALERINITIAL?SCALER
            BANK0   C23BH     0031H     UNIT         ?PR?_CKEYMESSAGECONVERT?KEY
            BANK0   C26CH     0030H     UNIT         ?PR?CMISCAPPLYDOUBLEBUFFER?MISC
            BANK0   C29CH     0030H     UNIT         ?PR?_CLOADTVMODEDATA?FLASH
            BANK0   C2CCH     002FH     UNIT         ?PR?CKEYPOWERKEYPROC?KEY
            BANK0   C2FBH     002EH     UNIT         ?PR?_CTIMERCOUNTDOWNEVENTPROC?TIMER
            BANK0   C329H     002EH     UNIT         ?PR?_CADJUSTDCLKOFFSET?ADJUST
            BANK0   C357H     002DH     UNIT         ?PR?CKEYSCANREADY?KEY
            BANK0   C384H     002DH     UNIT         ?PR?TV
            BANK0   C3B1H     002DH     UNIT         ?PR?INITFLASH?FLASHFUNC
            BANK0   C3DEH     002DH     UNIT         ?PR?_INITRANDOMPAGE?FLASHFUNC
            BANK0   C40BH     002CH     UNIT         ?PR?CAUTODOWHITEBALANCE?AUTO
            BANK0   C437H     002CH     UNIT         ?PR?_CADJUSTIVSDELAY?ADJUST
            BANK0   C463H     002CH     UNIT         ?PR?_CADJUSTENABLEWATCHDOG?ADJUST
            BANK0   C48FH     002CH     UNIT         ?PR?_MEMORYCPY?FUNC
            BANK0   C4BBH     002CH     UNIT         ?PR?KX_CINITIALVDC?RTD2662
            BANK0   C4E7H     002BH     UNIT         ?PR?_CAUTOREADPHASEINFO?AUTO
            BANK0   C512H     002AH     UNIT         ?PR?CSYNCSEARCHSYNCTYPEVGA?SYNC
            BANK0   C53CH     0029H     UNIT         ?PR?_FOUNDRANDOMPAGE?FLASHFUNC
            BANK0   C565H     0028H     UNIT         ?PR?_BCHECKTUNER?TUNERFUNC
            BANK0   C58DH     0028H     UNIT         ?PR?CEEPROMLOADCOLORTEMPDATA?FLASH
            BANK0   C5B5H     0027H     UNIT         ?PR?DOSETBACKCOLOR?FUNC
            BANK0   C5DCH     0027H     UNIT         ?PR?_CEEPROMSAVEMODEDATA?FLASH
            BANK0   C603H     0027H     UNIT         ?PR?_CEEPROMSAVECENTERMODEDATA?FLASH
            BANK0   C62AH     0026H     UNIT         ?PR?CSYNCMODIFYPOLARITYVGA?SYNC
            BANK0   C650H     0025H     UNIT         ?PR?CTIMERDECREASETIMERCNT?TIMER
            BANK0   C675H     0025H     UNIT         ?PR?CMODEMEASUREREADY?MODE
            BANK0   C69AH     0024H     UNIT         ?PR?CSCALERENABLEDISPLAYOUTPUT?SCALER
            BANK0   C6BEH     0024H     UNIT         ?PR?FUNC
            BANK0   C6E2H     0024H     UNIT         ?PR?CINITTV?TV
            BANK0   C706H     0024H     UNIT         ?PR?_CVIDEOSETVDCSATURATION?AV_TV
            BANK0   C72AH     0023H     UNIT         ?PR?COSDDISPOSDTIMEREVENT?MODE
            BANK0   C74DH     0023H     UNIT         ?PR?CDETECTTVSIGNALTYPE?TV
            BANK0   C770H     0023H     UNIT         ?PR?_CFLASHERASE?FLASHFUNC
            BANK0   C793H     0022H     UNIT         ?PR?CMODECONNECTISCHANGE?MODE
            BANK0   C7B5H     0022H     UNIT         ?PR?_CADJUSTSPREADSPECTRUMRANGE?ADJUST
            BANK0   C7D7H     0022H     UNIT         ?PR?CHECKMENUKEY?KEY_PCB2660_003
            BANK0   C7F9H     0022H     UNIT         ?PR?_CGETADCAVALUE?KEY
BL51 BANKED LINKER/LOCATER V5.03                                                      04/29/2010  14:21:21  PAGE 13


            BANK0   C81BH     0022H     UNIT         ?PR?CSETBLUEBACKGROUND?AV_TV
            BANK0   C83DH     0022H     UNIT         ?PR?CEEPROMLOADBRICONDATA?FLASH
            BANK0   C85FH     0022H     UNIT         ?PR?CEEPROMLOADHUESATDATA?FLASH
            BANK0   C881H     0021H     UNIT         ?PR?CCALCPANELDHEND?MODE
            BANK0   C8A2H     0021H     UNIT         ?PR?CPOWERPANELON?POWER
            BANK0   C8C3H     0021H     UNIT         ?PR?CPOWERPANELOFF?POWER
            BANK0   C8E4H     0021H     UNIT         ?PR?CIRDAREADDATA?IR_NEC
            BANK0   C905H     0021H     UNIT         ?PR?FOUNDEMPTYRANDOMPAGE?FLASHFUNC
            BANK0   C926H     0020H     UNIT         ?PR?_CTIMERPOLLINGEVENTPROC?TIMER
            BANK0   C946H     0020H     UNIT         ?PR?CMODESETUPDISPLAY?MODE
            BANK0   C966H     0020H     UNIT         ?PR?CCALCRATIO?MODE
            BANK0   C986H     0020H     UNIT         ?PR?_CADJUSTIHSDELAY?ADJUST
            BANK0   C9A6H     0020H     UNIT         ?PR?KX_CVIDEOMODELOCKED?RTD2662
            BANK0   C9C6H     001FH     UNIT         ?PR?CMODESETUPCOLORPROCESS?MODE
            BANK0   C9E5H     001FH     UNIT         ?PR?CEEPROMSAVEADCDATA?FLASH
            BANK0   CA04H     001FH     UNIT         ?PR?_FLSETSTATUSREG?FLASHFUNC
            BANK0   CA23H     001EH     UNIT         ?PR?CADJUSTBRIGHTNESS?ADJUST_CUSTOMER
            BANK0   CA41H     001DH     UNIT         ?PR?_CHANGE_DEVICE_GAIN?AUTO
            BANK0   CA5EH     001DH     UNIT         ?PR?_CHANGE_DEVICE_OFFSET?AUTO
            BANK0   CA7BH     001DH     UNIT         ?PR?_FILLFFTOMEMORY?FLASHFUNC
            BANK0   CA98H     001CH     UNIT         ?PR?CADJUSTSETBRIGHTNESS?ADJUST
            BANK0   CAB4H     001CH     UNIT         ?PR?CADJUSTSETCONTRAST?ADJUST
            BANK0   CAD0H     001CH     UNIT         ?PR?CHECKINTERLACE?ADJUST
            BANK0   CAECH     001CH     UNIT         ?PR?CPOWERADCAPLLON?POWER
            BANK0   CB08H     001CH     UNIT         ?PR?CPOWERADCAPLLOFF?POWER
            BANK0   CB24H     001CH     UNIT         ?PR?CINITEDID?MISC
            BANK0   CB40H     001CH     UNIT         ?PR?CEEPROMLOADSYSTEMDATA?FLASH
            BANK0   CB5CH     001CH     UNIT         ?PR?CEEPROMLOADOSDUSERDATA?FLASH
            BANK0   CB78H     001CH     UNIT         ?PR?CEEPROMLOADAUDIODATA?FLASH
            BANK0   CB94H     001CH     UNIT         ?PR?CEEPROMLOADTVDATA?FLASH
            BANK0   CBB0H     001BH     UNIT         ?PR?_CADJUSTDISABLEWATCHDOG?ADJUST
            BANK0   CBCBH     001BH     UNIT         ?PR?CSCALERINITIALDISPLAYINTERFACE?SCALER
            BANK0   CBE6H     001AH     UNIT         ?PR?CVIDEOSOFTRESET?VIDEO
            BANK0   CC00H     001AH     UNIT         ?PR?CEEPROMLOADYPBPRDATADEFAULT?FLASH
            BANK0   CC1AH     0019H     UNIT         ?PR?_CTIMERDELAYXMS?TIMER
            BANK0   CC33H     0019H     UNIT         ?PR?CCALCCURRENTMODERATIO?MODE
            BANK0   CC4CH     0019H     UNIT         ?PR?CWRITEDISABLE?FLASHWRITEDISABLE
            BANK0   CC65H     0019H     UNIT         ?PR?KX_DELAY5US?TUNERFUNC
            BANK0   CC7EH     0019H     UNIT         ?PR?FLSETOPCODE?FLASHFUNC
            BANK0   CC97H     0018H     UNIT         ?PR?CCALCPANELDHSTA?MODE
            BANK0   CCAFH     0018H     UNIT         ?PR?CADJUSTSHARPNESSFORSCALEUP?ADJUST
            BANK0   CCC7H     0018H     UNIT         ?PR?CADJUSTSHARPNESSFORSCALEDOWN?ADJUST
            BANK0   CCDFH     0018H     UNIT         ?PR?CSCALERINITIALDISPLAYOUTPUT?SCALER
            BANK0   CCF7H     0018H     UNIT         ?PR?SETPANELLR?FUNC
            BANK0   CD0FH     0018H     UNIT         ?PR?CEEPROMLOADADCDATADEFAULT?FLASH
            BANK0   CD27H     0017H     UNIT         ?PR?CPOWERHANDLER?POWER
            BANK0   CD3EH     0017H     UNIT         ?PR?CADJUSTVOLUME?ADJUST_CUSTOMER
            BANK0   CD55H     0017H     UNIT         ?PR?_CGETINPUTSOURCENUM?FUNC
            BANK0   CD6CH     0017H     UNIT         ?PR?CEEPROMSAVECOLORTEMPDATA?FLASH
            BANK0   CD83H     0016H     UNIT         ?PR?_CVIDEOSETCONTRAST?ADJUST_CUSTOMER
            BANK0   CD99H     0016H     UNIT         ?PR?CEEPROMLOADTVDATADEFAULT?FLASH
            BANK0   CDAFH     0015H     UNIT         ?PR?BSOURCEVIDEO?SOURCE
            BANK0   CDC4H     0015H     UNIT         ?PR?FMAUDIOTRAN?FUNC
            BANK0   CDD9H     0015H     UNIT         ?PR?KX_CREADIFPLLDM?TUNERFUNC
            BANK0   CDEEH     0014H     UNIT         ?PR?CMODENOSUPPORTEVENT?MODE
            BANK0   CE02H     0014H     UNIT         ?PR?_CVIDEOSETVDCCONTRAST?VIDEO
            BANK0   CE16H     0014H     UNIT         ?PR?_CVIDEOSETVDCBRIGHTNESS?VIDEO
BL51 BANKED LINKER/LOCATER V5.03                                                      04/29/2010  14:21:21  PAGE 14


            BANK0   CE2AH     0014H     UNIT         ?PR?MAIN?MAIN
            BANK0   CE3EH     0014H     UNIT         ?PR?CEEPROMSAVEBRICONDATA?FLASH
            BANK0   CE52H     0014H     UNIT         ?PR?CEEPROMSAVEHUESATDATA?FLASH
            BANK0   CE66H     0013H     UNIT         ?PR?CMODESEARCHDISPLAYMODE?MODE
            BANK0   CE79H     0013H     UNIT         ?PR?CMODENOCABLEEVENT?MODE
            BANK0   CE8CH     0012H     UNIT         ?PR?CTIMERINITIALTIMEREVENT?TIMER
            BANK0   CE9EH     0012H     UNIT         ?PR?CADJUSTSETYPBPRRHUE?ADJUST
            BANK0   CEB0H     0012H     UNIT         ?PR?CADJUSTSETYPBPRGHUE?ADJUST
            BANK0   CEC2H     0012H     UNIT         ?PR?CADJUSTSETYPBPRBHUE?ADJUST
            BANK0   CED4H     0012H     UNIT         ?PR?CPOWERUPCUSTOMERCONTROL?POWER
            BANK0   CEE6H     0012H     UNIT         ?PR?CSCALERDISABLEDISPLAYOUTPUT?SCALER
            BANK0   CEF8H     0012H     UNIT         ?PR?CADJUSTBACKLIGHT?ADJUST_CUSTOMER
            BANK0   CF0AH     0011H     UNIT         ?PR?CMODEDETECT?MODE
            BANK0   CF1BH     0011H     UNIT         ?PR?CMODENOSIGNALEVENT?MODE
            BANK0   CF2CH     0011H     UNIT         ?PR?COSDTIMEOUT?MODE
            BANK0   CF3DH     0011H     UNIT         ?PR?CPOWERLIGHTPOWERON?POWER
            BANK0   CF4EH     0010H     UNIT         ?PR?CMODEAUTOMEASUREON?MODE
            BANK0   CF5EH     0010H     UNIT         ?PR?CVIDEOSETVDCCONBRICUSTOMER?VIDEO
            BANK0   CF6EH     0010H     UNIT         ?PR?CSOURCEHANDLER?SOURCE
            BANK0   CF7EH     0010H     UNIT         ?PR?CMISCMODEMEASUREPOLLINGEVENT?MISC
            BANK0   CF8EH     0010H     UNIT         ?PR?CMISCMEASURERESULTPOPPOLLINGEVENT?MISC
            BANK0   CF9EH     0010H     UNIT         ?PR?CMISCAPPLYDOUBLEBUFFERPOLLINGEVENT?MISC
            BANK0   CFAEH     0010H     UNIT         ?PR?CEEPROMLOADSYSTEMDATADEFAULT?FLASH
            BANK0   CFBEH     0010H     UNIT         ?PR?CEEPROMLOADOSDUSERDATADEFAULT?FLASH
            BANK0   CFCEH     0010H     UNIT         ?PR?FLASHPROTECTENABLE?FLASHFUNC
            BANK0   CFDEH     0010H     UNIT         ?PR?FLASHPROTECTDISABLE?FLASHFUNC
            BANK0   CFEEH     000FH     UNIT         ?PR?_CFRAMESYNCLASTLINEFINETUNE?FRAMESYNC
            BANK0   CFFDH     000FH     UNIT         ?PR?CMODESYNCTIMEOUTCOUNTDOWNEVENT?MODE
            BANK0   D00CH     000FH     UNIT         ?PR?CPOWERLIGHTPOWEROFF?POWER
            BANK0   D01BH     000FH     UNIT         ?PR?CMISCHSYNCTYPEAUTORUNFLAGPOLLINGEVENT?MISC
            BANK0   D02AH     000FH     UNIT         ?PR?IR_NEC
            BANK0   D039H     000FH     UNIT         ?PR?SETPANELUD?FUNC
            BANK0   D048H     000EH     UNIT         ?PR?CMODEDISPLAYACTIVEMODE?MODE
            BANK0   D056H     000EH     UNIT         ?PR?CADJUSTTMDSERRORCORRECTIONON?ADJUST
            BANK0   D064H     000EH     UNIT         ?PR?CPOWERLVDSON?POWER
            BANK0   D072H     000EH     UNIT         ?PR?CPOWERLVDSOFF?POWER
            BANK0   D080H     000EH     UNIT         ?PR?CPOWERDPLLOFF?POWER
            BANK0   D08EH     000EH     UNIT         ?PR?CMISCCLEARSTATUSREGISTER?MISC
            BANK0   D09CH     000EH     UNIT         ?PR?KEY_PCB2660_003
            BANK0   D0AAH     000EH     UNIT         ?PR?CMUTEON?FUNC
            BANK0   D0B8H     000EH     UNIT         ?PR?KX_CVDCOUTPUTDISABLE?RTD2662
            BANK0   D0C6H     000EH     UNIT         ?PR?CEEPROMLOADAUDIODATADEFAULT?FLASH
            BANK0   D0D4H     000DH     UNIT         ?PR?CPOWERPANELPOWERON?POWER
            BANK0   D0E1H     000DH     UNIT         ?PR?MISC
            BANK0   D0EEH     000DH     UNIT         ?PR?CEEPROMSAVESYSTEMDATA?FLASH
            BANK0   D0FBH     000DH     UNIT         ?PR?CEEPROMSAVEOSDUSERDATA?FLASH
            BANK0   D108H     000DH     UNIT         ?PR?CEEPROMSAVEAUDIODATA?FLASH
            BANK0   D115H     000DH     UNIT         ?PR?CEEPROMSAVETVDATA?FLASH
            BANK0   D122H     000CH     UNIT         ?PR?CPOWERPANELPOWEROFF?POWER
            BANK0   D12EH     000CH     UNIT         ?PR?_CSAVETVMODEDATA?FLASH
            BANK0   D13AH     000BH     UNIT         ?PR?_CGETSOURCEPORTTYPE?SOURCE
            BANK0   D145H     000BH     UNIT         ?PR?RTD2662
            BANK0   D150H     000BH     UNIT         ?PR?_CFLASHWREN?FLASHFUNC
            BANK0   D15BH     000BH     UNIT         ?PR?CFLASHWRDIS?FLASHFUNC
            BANK0   D166H     000AH     UNIT         ?PR?CKEYINITIAL?KEY
            BANK0   D170H     0009H     UNIT         ?PR?CMODEAUTOMEASUREOFF?MODE
            BANK0   D179H     0009H     UNIT         ?PR?CADJUSTSYNCPROCESSORMEASURESTART?ADJUST
BL51 BANKED LINKER/LOCATER V5.03                                                      04/29/2010  14:21:21  PAGE 15


            BANK0   D182H     0009H     UNIT         ?PR?CPOWERLEDGREEN?POWER
            BANK0   D18BH     0009H     UNIT         ?PR?CPOWERLEDORANGE?POWER
            BANK0   D194H     0009H     UNIT         ?PR?CMISCENABLEDOUBLEBUFFER?MISC
            BANK0   D19DH     0009H     UNIT         ?PR?CMISCDISABLEDOUBLEBUFFER?MISC
            BANK0   D1A6H     0009H     UNIT         ?PR?CADJUSTAUDIO?ADJUST_CUSTOMER
            BANK0   D1AFH     0009H     UNIT         ?PR?CPOWERDOWNSCALER?AV_TV
            BANK0   D1B8H     0008H     UNIT         ?PR?CADJUSTHPOSITION?ADJUST
            BANK0   D1C0H     0008H     UNIT         ?PR?CPOWERLEDRED?POWER
            BANK0   D1C8H     0008H     UNIT         ?PR?CPOWERLEDOFF?POWER
            BANK0   D1D0H     0008H     UNIT         ?PR?CADJUSTPEAKINGCODING?ADJUST_CUSTOMER
            BANK0   D1D8H     0007H     UNIT         ?PR?CMODESTABLECOUNTDOWNEVENT?MODE
            BANK0   D1DFH     0007H     UNIT         ?PR?CKEYSCANREADYTIMEREVENT?KEY
            BANK0   D1E6H     0007H     UNIT         ?PR?CKEYREPEATENABLETIMEREVENT?KEY
            BANK0   D1EDH     0007H     UNIT         ?PR?CMUTEOFF?FUNC
            BANK0   D1F4H     0006H     UNIT         ?PR?CADJUSTADCGAINOFFSET?ADJUST
            BANK0   D1FAH     0006H     UNIT         ?PR?CDDCCIINITIAL?MISC
            BANK0   D200H     0005H     UNIT         ?PR?_CADJUSTYPBPRHUE?ADJUST_CUSTOMER
            BANK0   D205H     0003H     UNIT         ?PR?CPOWERLEDON?POWER
            BANK0   D208H     0003H     UNIT         ?PR?CPOWERLEDSLEEP?POWER
            BANK0   D20BH     0003H     UNIT         ?PR?CPOWERDISPLAYPORTON?POWER
            BANK0   D20EH     0003H     UNIT         ?PR?CPOWERDISPLAYPORTOFF?POWER
            BANK0   D211H     0003H     UNIT         ?PR?CMISCISPDEBUGPROC?MISC
            BANK0   D214H     0003H     UNIT         ?PR?CKEYSCANIO?KEY_PCB2660_003
            BANK0   D217H     0001H     UNIT         ?PR?CMODEMODIFYVTOTAL?MODE
            BANK0   D218H     0001H     UNIT         ?PR?_CADJUSTGAMMATABLE?ADJUST_CUSTOMER
            BANK0   D219H     0001H     UNIT         ?PR?CKEYPOWERKEYMIX?KEY
            BANK0   D21AH     0001H     UNIT         ?PR?CEEPROMINITIALUSERFIFOMODEDATA?FLASH

            * * * * * * *   C O D E   B A N K   1   * * * * * * *
                    0000H     1C00H                  *** GAP ***
            BANK1   1C00H     00C8H     UNIT         ?CO?OSDTABLE003
            BANK1   1CC8H     0100H     UNIT         ?CO?OSDPROC003
            BANK1   1DC8H     0292H     UNIT         ?CO?OSDRES003
            BANK1   205AH     0752H     UNIT         ?CO?OSDFONT003
            BANK1   27ACH     01D7H     UNIT         ?PR?COSDEVENTMSGPROC?OSDPROC003
            BANK1   2983H     0176H     UNIT         ?PR?DRAWFMMENU?OSDMENUFUNC003
            BANK1   2AF9H     0157H     UNIT         ?PR?_OSDPOSITION?KXOSDFUNC
            BANK1   2C50H     014BH     UNIT         ?PR?CDORESET?KXOSDFUNC
            BANK1   2D9BH     0134H     UNIT         ?PR?COSDSYSTEMFLOWPROC?OSDPROC003
            BANK1   2ECFH     0132H     UNIT         ?PR?_OSDSLIDER?OSDMENUFUNC003
            BANK1   3001H     0126H     UNIT         ?PR?_COSDFXDRAWWINDOW?KXOSDFUNC
            BANK1   3127H     011EH     UNIT         ?PR?_CSHOWTVNUMBER?OSDPROC003
            BANK1   3245H     011CH     UNIT         ?PR?MMENUNONEPROC?OSDMENUFUNC003
            BANK1   3361H     010EH     UNIT         ?PR?KXOSDFUNC
            BANK1   346FH     00FDH     UNIT         ?PR?OSDPROC003
            BANK1   356CH     00ECH     UNIT         ?PR?MSCINPUTCHNUMPROC?OSDPROC003
            BANK1   3658H     00E5H     UNIT         ?PR?_MADJUSTSOURCE?OSDMENUFUNC003
            BANK1   373DH     00DFH     UNIT         ?PR?_MMAINMENUVALUEADJ?OSDMENUFUNC003
            BANK1   381CH     00DAH     UNIT         ?PR?OSDMENUFUNC003
            BANK1   38F6H     00C5H     UNIT         ?PR?CNOTUSE?OSDPROC003
            BANK1   39BBH     00C3H     UNIT         ?PR?_MMAINMENUMENUADJ?OSDMENUFUNC003
            BANK1   3A7EH     00B6H     UNIT         ?PR?ENTERSCINPUTNUM?OSDPROC003
            BANK1   3B34H     00B2H     UNIT         ?PR?_NEXTTVSYSTEM?OSDMENUFUNC003
            BANK1   3BE6H     00A7H     UNIT         ?PR?CCHANGEPICTUREMODE?OSDPROC003
            BANK1   3C8DH     0099H     UNIT         ?PR?DRAWSOURCE?OSDMENUFUNC003
            BANK1   3D26H     008CH     UNIT         ?PR?COSDHANDLER?OSDPROC003
            BANK1   3DB2H     008BH     UNIT         ?PR?_CSHOWNUMBER1?KXOSDFUNC
BL51 BANKED LINKER/LOCATER V5.03                                                      04/29/2010  14:21:21  PAGE 16


            BANK1   3E3DH     0083H     UNIT         ?PR?_ADJUSTMENUITEM?OSDPROC003
            BANK1   3EC0H     007EH     UNIT         ?PR?BURNINRUN?KXOSDFUNC
            BANK1   3F3EH     0079H     UNIT         ?PR?CSHOWTIMER?OSDPROC003
            BANK1   3FB7H     0078H     UNIT         ?PR?CSHOWNOTE?OSDPROC003
            BANK1   402FH     0077H     UNIT         ?PR?_GETSHOWINDEX?OSDPROC003
            BANK1   40A6H     0075H     UNIT         ?PR?_CSHOWFREQ?OSDMENUFUNC003
            BANK1   411BH     0074H     UNIT         ?PR?_MADJUSTLANGUAGE?OSDMENUFUNC003
            BANK1   418FH     006EH     UNIT         ?PR?_COSDFXGETADCCLOCKRANGE?KXOSDFUNC
            BANK1   41FDH     0067H     UNIT         ?PR?CDRAWMUTESTATE?OSDPROC003
            BANK1   4264H     0063H     UNIT         ?PR?_VALUEINRANGECHANGE?KXOSDFUNC
            BANK1   42C7H     0063H     UNIT         ?PR?_GETPREVLANGUAGE?KXOSDFUNC
            BANK1   432AH     0062H     UNIT         ?PR?_DIRECTWOSDRAM?KXOSDFUNC
            BANK1   438CH     0060H     UNIT         ?PR?CSHOWNOSIGNAL?OSDPROC003
            BANK1   43ECH     005FH     UNIT         ?PR?_OSDLINE?KXOSDFUNC
            BANK1   444BH     005BH     UNIT         ?PR?_CFOUNDKEYMSGTOOSDEVENT?OSDPROC003
            BANK1   44A6H     0057H     UNIT         ?PR?INITOSDFRAME?OSDPROC003
            BANK1   44FDH     0056H     UNIT         ?PR?CHANGESOURCESTATE?OSDPROC003
            BANK1   4553H     0056H     UNIT         ?PR?_SSHOWCURRENTINPUTSTATE?OSDPROC003
            BANK1   45A9H     0054H     UNIT         ?PR?DRAWMAINMENU?OSDMENUFUNC003
            BANK1   45FDH     0051H     UNIT         ?PR?_GETSHOWCOUNT?OSDPROC003
            BANK1   464EH     004FH     UNIT         ?PR?SETOSDRAMADDRESS?KXOSDFUNC
            BANK1   469DH     004DH     UNIT         ?PR?DRAWLANGUAGE?OSDMENUFUNC003
            BANK1   46EAH     004DH     UNIT         ?PR?MMAINMENUPROC?OSDMENUFUNC003
            BANK1   4737H     004BH     UNIT         ?PR?_PRINTFDEC?KXOSDFUNC
            BANK1   4782H     0048H     UNIT         ?PR?_SINCEPTNUMBER?OSDPROC003
            BANK1   47CAH     0047H     UNIT         ?PR?CSHOWTIMERMODE?OSDPROC003
            BANK1   4811H     0046H     UNIT         ?PR?_MADJUSTSYSTEM?OSDMENUFUNC003
            BANK1   4857H     0046H     UNIT         ?PR?SETROWCMDS?KXOSDFUNC
            BANK1   489DH     0044H     UNIT         ?PR?DRAWRESET?OSDMENUFUNC003
            BANK1   48E1H     0044H     UNIT         ?PR?_MADJUSTCHANNEL?OSDMENUFUNC003
            BANK1   4925H     0043H     UNIT         ?PR?_GETNEXTLANGUAGE?KXOSDFUNC
            BANK1   4968H     0041H     UNIT         ?PR?COSDCTRLGETHPOSITION?KXOSDFUNC
            BANK1   49A9H     0041H     UNIT         ?PR?COSDCTRLGETVPOSITION?KXOSDFUNC
            BANK1   49EAH     003DH     UNIT         ?PR?CKEYOSDMSGCOVER?OSDPROC003
            BANK1   4A27H     003CH     UNIT         ?PR?CADJUSTPICMODE?OSDPROC003
            BANK1   4A63H     003CH     UNIT         ?PR?_CCENTERTEXTOUT?KXOSDFUNC
            BANK1   4A9FH     003CH     UNIT         ?PR?_OSDCLEAR?KXOSDFUNC
            BANK1   4ADBH     003BH     UNIT         ?PR?SETSLEEPTIMER?OSDPROC003
            BANK1   4B16H     0038H     UNIT         ?PR?_GOTOXY?KXOSDFUNC
            BANK1   4B4EH     0037H     UNIT         ?PR?CCHANGESOURCEAVSV?OSDPROC003
            BANK1   4B85H     0036H     UNIT         ?PR?GOTOVOLUMEMENU?OSDPROC003
            BANK1   4BBBH     0034H     UNIT         ?PR?CSHOWVISATECH?OSDPROC003
            BANK1   4BEFH     0034H     UNIT         ?PR?COSDCTRLGETCLOCK?KXOSDFUNC
            BANK1   4C23H     0033H     UNIT         ?PR?DRAWDISPLAYRATIO?OSDMENUFUNC003
            BANK1   4C56H     0032H     UNIT         ?PR?_SETOSDDOUBLE?KXOSDFUNC
            BANK1   4C88H     0031H     UNIT         ?PR?DRAWMANUALSEARCH?OSDMENUFUNC003
            BANK1   4CB9H     0031H     UNIT         ?PR?DRAWTUNING?OSDMENUFUNC003
            BANK1   4CEAH     0031H     UNIT         ?PR?MRESET?OSDMENUFUNC003
            BANK1   4D1BH     0031H     UNIT         ?PR?CHANGEDISPLAYMODE?OSDPROC003
            BANK1   4D4CH     0031H     UNIT         ?PR?_TEXTOUT?KXOSDFUNC
            BANK1   4D7DH     0030H     UNIT         ?PR?_MADJUSTHUE?OSDMENUFUNC003
            BANK1   4DADH     0030H     UNIT         ?PR?_MADJUSTSATURATION?OSDMENUFUNC003
            BANK1   4DDDH     002EH     UNIT         ?PR?DRAWSYSTEM?OSDMENUFUNC003
            BANK1   4E0BH     002DH     UNIT         ?PR?DRAWATUOADJUSTMENU?OSDMENUFUNC003
            BANK1   4E38H     002BH     UNIT         ?PR?_MADJUSTVOLUME?OSDMENUFUNC003
            BANK1   4E63H     0028H     UNIT         ?PR?_DRAWMENUSELECT?OSDMENUFUNC003
            BANK1   4E8BH     0027H     UNIT         ?PR?DRAWLRSWAP?OSDMENUFUNC003
BL51 BANKED LINKER/LOCATER V5.03                                                      04/29/2010  14:21:21  PAGE 17


            BANK1   4EB2H     0027H     UNIT         ?PR?DRAWUDSWAP?OSDMENUFUNC003
            BANK1   4ED9H     0027H     UNIT         ?PR?CHECKLANGUAGE?KXOSDFUNC
            BANK1   4F00H     0026H     UNIT         ?PR?_MADJUSTFM?OSDMENUFUNC003
            BANK1   4F26H     0026H     UNIT         ?PR?CKEYSTOPAUTOSEARCH?OSDMENUFUNC003
            BANK1   4F4CH     0026H     UNIT         ?PR?_COSDCOLORPALETTE?KXOSDFUNC
            BANK1   4F72H     0025H     UNIT         ?PR?_MENUUDSWAPSLECT?OSDMENUFUNC003
            BANK1   4F97H     0024H     UNIT         ?PR?_MENULRSWAPSLECT?OSDMENUFUNC003
            BANK1   4FBBH     0024H     UNIT         ?PR?CSETMUTESTATE?OSDPROC003
            BANK1   4FDFH     0024H     UNIT         ?PR?PANELUDSWAP?OSDPROC003
            BANK1   5003H     0023H     UNIT         ?PR?COSDDISPFIRSTTIMELOADFONT?OSDPROC003
            BANK1   5026H     0022H     UNIT         ?PR?PANELLRSWAP?OSDPROC003
            BANK1   5048H     0021H     UNIT         ?PR?_MADJUSTBRIGHTNESS?OSDMENUFUNC003
            BANK1   5069H     001FH     UNIT         ?PR?CVIDEONTSCENABLE?OSDMENUFUNC003
            BANK1   5088H     001EH     UNIT         ?PR?_MADJUSTCONTRAST?OSDMENUFUNC003
            BANK1   50A6H     001EH     UNIT         ?PR?_CCOVERKEYMSGTOOSDEVENT?OSDPROC003
            BANK1   50C4H     001DH     UNIT         ?PR?DRAWCHANNEL?OSDMENUFUNC003
            BANK1   50E1H     001DH     UNIT         ?PR?_MENUDISAPLAYRATIOSLECT?OSDMENUFUNC003
            BANK1   50FEH     001BH     UNIT         ?PR?_MADJUSTTUNING?OSDMENUFUNC003
            BANK1   5119H     001AH     UNIT         ?PR?DRAWBRIGHTNESS?OSDMENUFUNC003
            BANK1   5133H     001AH     UNIT         ?PR?DRAWHUE?OSDMENUFUNC003
            BANK1   514DH     001AH     UNIT         ?PR?DRAWSATURATION?OSDMENUFUNC003
            BANK1   5167H     001AH     UNIT         ?PR?DRAWVOLUME?OSDMENUFUNC003
            BANK1   5181H     001AH     UNIT         ?PR?_SETOSDMAP?KXOSDFUNC
            BANK1   519BH     001AH     UNIT         ?PR?_COSDFXCLOSEWINDOW?KXOSDFUNC
            BANK1   51B5H     001AH     UNIT         ?PR?INITBURNIN?KXOSDFUNC
            BANK1   51CFH     001AH     UNIT         ?PR?CCLOSEALLWINDOWS?KXOSDFUNC
            BANK1   51E9H     0018H     UNIT         ?PR?FIRSTLANGUAGE?KXOSDFUNC
            BANK1   5201H     0017H     UNIT         ?PR?DRAWCONTRAST?OSDMENUFUNC003
            BANK1   5218H     0017H     UNIT         ?PR?COSDFXDISABLEOSD?KXOSDFUNC
            BANK1   522FH     0016H     UNIT         ?PR?CVIDEOENABLE?OSDMENUFUNC003
            BANK1   5245H     0016H     UNIT         ?PR?_MADJUSTRESET?OSDMENUFUNC003
            BANK1   525BH     0015H     UNIT         ?PR?CHANGESOURCERESET?OSDPROC003
            BANK1   5270H     0015H     UNIT         ?PR?GOTORESETMENU?OSDPROC003
            BANK1   5285H     0015H     UNIT         ?PR?_OUTPUTCHAR?KXOSDFUNC
            BANK1   529AH     0014H     UNIT         ?PR?_CSHOWAUTOSERACHTOTAL?OSDMENUFUNC003
            BANK1   52AEH     0012H     UNIT         ?PR?_STRLEN?KXOSDFUNC
            BANK1   52C0H     0011H     UNIT         ?PR?DRAWAUTOSEARCH?OSDMENUFUNC003
            BANK1   52D1H     000EH     UNIT         ?PR?_MADJUSTMANUALSEARCH?OSDMENUFUNC003
            BANK1   52DFH     000EH     UNIT         ?PR?_AUTOADJUSTLEFTRIGHT?OSDMENUFUNC003
            BANK1   52EDH     000EH     UNIT         ?PR?COSDFXENABLEOSD?KXOSDFUNC
            BANK1   52FBH     000DH     UNIT         ?PR?_MADJUSTLRSWAP?OSDMENUFUNC003
            BANK1   5308H     000DH     UNIT         ?PR?_MADJUSTUDSWAP?OSDMENUFUNC003
            BANK1   5315H     000DH     UNIT         ?PR?MMENUNONEENTERSUBMENU?OSDMENUFUNC003
            BANK1   5322H     000DH     UNIT         ?PR?GOTOBRIGHTNESSMENU?OSDPROC003
            BANK1   532FH     000DH     UNIT         ?PR?GOTOCONTRASTMENU?OSDPROC003
            BANK1   533CH     000DH     UNIT         ?PR?GOTOSATURATIONMENU?OSDPROC003
            BANK1   5349H     000CH     UNIT         ?PR?MDISPLAYRATIOENABLE?OSDMENUFUNC003
            BANK1   5355H     000BH     UNIT         ?PR?CVGAENABLE?OSDMENUFUNC003
            BANK1   5360H     000BH     UNIT         ?PR?CFMCONTROL?OSDPROC003
            BANK1   536BH     000AH     UNIT         ?PR?CTVENABLE?OSDMENUFUNC003
            BANK1   5375H     0008H     UNIT         ?PR?_MADJUSTDISPLAYRATIO?OSDMENUFUNC003
            BANK1   537DH     0007H     UNIT         ?PR?MMAINMENURETURNUPMENU?OSDMENUFUNC003
            BANK1   5384H     0003H     UNIT         ?PR?_MADJUSTAUTOSEARCH?OSDMENUFUNC003
            BANK1   5387H     0003H     UNIT         ?PR?_CSHOWAUTOSEARCHSLIDERINOSD?OSDMENUFUNC003
            BANK1   538AH     0002H     UNIT         ?PR?CENABLE?OSDMENUFUNC003
            BANK1   538CH     0002H     UNIT         ?PR?CDISABLE?OSDMENUFUNC003
            BANK1   538EH     0002H     UNIT         ?PR?CPANELLRUD?OSDMENUFUNC003
BL51 BANKED LINKER/LOCATER V5.03                                                      04/29/2010  14:21:21  PAGE 18


            BANK1   5390H     0001H     UNIT         ?PR?MMAINMENUENTERSUBMENU?OSDMENUFUNC003
            BANK1   5391H     0001H     UNIT         ?PR?DBGSHOWOSDSTATE?OSDPROC003

            * * * * * * *   C O D E   B A N K   2   * * * * * * *
                    0000H     1C00H                  *** GAP ***
            BANK2   1C00H     0332H     UNIT         ?CO?KXEXTENDFUNC
            BANK2   1F32H     0001H     UNIT         ?CO?LOGO
            BANK2   1F33H     011FH     UNIT         ?PR?DD_READMCU?DDCCIDBG
            BANK2   2052H     00A0H     UNIT         ?PR?DDCCIDBG
            BANK2   20F2H     009FH     UNIT         ?PR?KXEXTENDFUNC
            BANK2   2191H     007CH     UNIT         ?PR?_KXEFGETADCVALUE?KXEXTENDFUNC
            BANK2   220DH     006AH     UNIT         ?PR?_KXEFGETIRVALUE?KXEXTENDFUNC
            BANK2   2277H     005CH     UNIT         ?PR?SCANEXTENDIR?KXEXTENDFUNC
            BANK2   22D3H     005CH     UNIT         ?PR?DD_WRITEMCU?DDCCIDBG
            BANK2   232FH     0051H     UNIT         ?PR?_KXEFGETEDIDINFO?KXEXTENDFUNC
            BANK2   2380H     0051H     UNIT         ?PR?_KXEFGETOTHERFUNCINFO?KXEXTENDFUNC
            BANK2   23D1H     0051H     UNIT         ?PR?DDCCI_DBG_READ_IIC?DDCCIDBG
            BANK2   2422H     0050H     UNIT         ?PR?TXCOMMANDREADY?DDCCI
            BANK2   2472H     0048H     UNIT         ?PR?DDCCI_DEBUG?DDCCIDBG
            BANK2   24BAH     003CH     UNIT         ?PR?_I2CWRITE?DDCCIDBG
            BANK2   24F6H     002CH     UNIT         ?PR?_KXEFGETONESDKEYINFO?KXEXTENDFUNC
            BANK2   2522H     002CH     UNIT         ?PR?_WRITEXDATA?DDCCIDBG
            BANK2   254EH     002BH     UNIT         ?PR?_CIOMASKTOKEYMASKEXT?KXEXTENDFUNC
            BANK2   2579H     002AH     UNIT         ?PR?GETEXTENDENABLE?KXEXTENDFUNC
            BANK2   25A3H     0028H     UNIT         ?PR?_READCODE?DDCCIDBG
            BANK2   25CBH     0027H     UNIT         ?PR?DDCCI_DBG_READ_RTD?DDCCIDBG
            BANK2   25F2H     0027H     UNIT         ?PR?_READXDATA?DDCCIDBG
            BANK2   2619H     0023H     UNIT         ?PR?DDCCI_DBG_WRITE_IIC?DDCCIDBG
            BANK2   263CH     0022H     UNIT         ?PR?KXEFGETADPORTINFO?KXEXTENDFUNC
            BANK2   265EH     001FH     UNIT         ?PR?_READIDATA?DDCCIDBG
            BANK2   267DH     001EH     UNIT         ?PR?_READDATA?DDCCIDBG
            BANK2   269BH     001EH     UNIT         ?PR?_WRITEIDATA?DDCCIDBG
            BANK2   26B9H     001DH     UNIT         ?PR?_WRITEDATA?DDCCIDBG
            BANK2   26D6H     001CH     UNIT         ?PR?KXEFGETREALADDRESS?KXEXTENDFUNC
            BANK2   26F2H     001CH     UNIT         ?PR?DDCCI_DBG_WRITE_RTDEX?DDCCIDBG
            BANK2   270EH     001CH     UNIT         ?PR?CINITDDCCI?DDCCI
            BANK2   272AH     0019H     UNIT         ?PR?KXEFGETIRINFO?KXEXTENDFUNC
            BANK2   2743H     0019H     UNIT         ?PR?KXEFGETSDKEYINFO?KXEXTENDFUNC
            BANK2   275CH     0014H     UNIT         ?PR?_KXEFGETIRKEYINFO?KXEXTENDFUNC
            BANK2   2770H     0014H     UNIT         ?PR?_KXEFGETADKEYINFO?KXEXTENDFUNC
            BANK2   2784H     0013H     UNIT         ?PR?KXEFGETLOGOINFO?KXEXTENDFUNC
            BANK2   2797H     0013H     UNIT         ?PR?KXEFPANELINFO?KXEXTENDFUNC
            BANK2   27AAH     0011H     UNIT         ?PR?DDCCI_DBG_VIRTUALKEY?DDCCIDBG
            BANK2   27BBH     0011H     UNIT         ?PR?CDDCCICOMMAND?DDCCI
            BANK2   27CCH     0010H     UNIT         ?PR?GETVIRTUALKEY?DDCCIDBG
            BANK2   27DCH     000FH     UNIT         ?PR?CDDCCICOMMANDDO?DDCCI
            BANK2   27EBH     000EH     UNIT         ?PR?DDCCI_DBG_WRITE_RTD?DDCCIDBG
            BANK2   27F9H     000DH     UNIT         ?PR?DDCCI
            BANK2   2806H     000BH     UNIT         ?PR?DDCCI_DBG_STOP?DDCCIDBG
            BANK2   2811H     000BH     UNIT         ?PR?DDCCI_DBG_RUN?DDCCIDBG
            BANK2   281CH     000AH     UNIT         ?PR?KXEFLOGO4BITADDRESS?KXEXTENDFUNC
            BANK2   2826H     0009H     UNIT         ?PR?KXEFGETSDKEYMASK?KXEXTENDFUNC
            BANK2   282FH     0007H     UNIT         ?PR?KXEFGETEDIDGROUPCNT?KXEXTENDFUNC
            BANK2   2836H     0007H     UNIT         ?PR?KXEFGETOTHERFUNCCNT?KXEXTENDFUNC
            BANK2   283DH     0006H     UNIT         ?PR?KXEFLOGO1BITADDRESS?KXEXTENDFUNC
            BANK2   2843H     0006H     UNIT         ?PR?KXEFLOGO2BITADDRESS?KXEXTENDFUNC

BL51 BANKED LINKER/LOCATER V5.03                                                      04/29/2010  14:21:21  PAGE 19




OVERLAY MAP OF MODULE:   .\Output\KR266Xseries (TIMER)


SEGMENT                                             BIT_GROUP          DATA_GROUP          IDATA_GROUP         XDATA_GRO
>> UP
  +--> CALLED SEGMENT                            START    LENGTH     START    LENGTH     START    LENGTH     START    LE
>> NGTH
------------------------------------------------------------------------------------------------------------------------
>> ----
?PR?INTPROCTIMER0?INT                            -----    -----      -----    -----      -----    -----      -----    --
>> ---
  +--> ?PR?CTIMERDECREASETIMERCNT?TIMER

?PR?CTIMERDECREASETIMERCNT?TIMER                 -----    -----      -----    -----      -----    -----      -----    --
>> ---
  +--> ?PR?TIMER

*** NEW ROOT ***************************************************

?PR?RECEIVEEDIDINT1?INT                          -----    -----      -----    -----      -----    -----      FB70H    00
>> 01H
  +--> ?PR?DDCCI_RXINT?INT
  +--> ?PR?DDCCI_TXINT?INT

?PR?DDCCI_RXINT?INT                              -----    -----      -----    -----      -----    -----      FB71H    00
>> 01H
  +--> ?PR?INT
  +--> ?PR?DDCCI_INITRX?INT

?PR?DDCCI_TXINT?INT                              -----    -----      -----    -----      -----    -----      -----    --
>> ---
  +--> ?PR?INT

*** NEW ROOT ***************************************************

?C_C51STARTUP                                    -----    -----      -----    -----      -----    -----      -----    --
>> ---
  +--> ?PR?MAIN?MAIN
  +--> ?C_INITSEG

?PR?MAIN?MAIN                                    -----    -----      -----    -----      -----    -----      -----    --
>> ---
  +--> ?PR?CMAINSYSTEMINITIAL?MAIN
  +--> ?PR?CMISCISPDEBUGPROC?MISC
  +--> ?PR?CTIMERHANDLER?TIMER
  +--> ?PR?CKEYHANDLER?KEY
  +--> ?PR?CMODEHANDLER?MODE
  +--> ?PR?COSDHANDLER?OSDPROC003

?PR?CMAINSYSTEMINITIAL?MAIN                      -----    -----      -----    -----      -----    -----      -----    --
>> ---
  +--> ?PR?CMCUINITIAL?MCU
  +--> ?PR?CMUTEON?FUNC
  +--> ?PR?CTIMERINITIALTIMEREVENT?TIMER
  +--> ?PR?CPOWERLIGHTPOWEROFF?POWER
BL51 BANKED LINKER/LOCATER V5.03                                                      04/29/2010  14:21:21  PAGE 20


  +--> ?PR?CPOWERPANELPOWEROFF?POWER
  +--> ?PR?INITFLASH?FLASHFUNC
  +--> ?PR?CEEPROMSTARTUPCHECK?FLASH
  +--> ?PR?CPOWERLEDRED?POWER
  +--> ?PR?CPOWERLEDOFF?POWER
  +--> ?PR?CSCALERINITIAL?SCALER
  +--> ?PR?CKEYINITIAL?KEY
  +--> ?PR?CMAINUSERINITIAL?MAIN
  +--> ?PR?CDDCCIINITIAL?MISC
  +--> ?PR?CIRDAINITIAL?IR_NEC
  +--> ?PR?GETEXTENDENABLE?KXEXTENDFUNC
  +--> ?PR?SETPANELLR?FUNC
  +--> ?PR?SETPANELUD?FUNC
  +--> ?PR?SETFM?FUNC

?PR?CMCUINITIAL?MCU                              -----    -----      -----    -----      -----    -----      -----    --
>> ---
  +--> ?PR?CMISCSETPINSHARE?MISC
  +--> ?PR?CWRITEDISABLE?FLASHWRITEDISABLE

?PR?CMUTEON?FUNC                                 -----    -----      -----    -----      -----    -----      -----    --
>> ---
  +--> ?PR?_CSETPWM?ADJUST

?PR?_CSETPWM?ADJUST                              -----    -----      -----    -----      -----    -----      FB80H    00
>> 01H

?PR?CTIMERINITIALTIMEREVENT?TIMER                -----    -----      -----    -----      -----    -----      -----    --
>> ---
  +--> ?PR?TIMER

?PR?INITFLASH?FLASHFUNC                          -----    -----      -----    -----      -----    -----      FB72H    00
>> 01H
  +--> ?PR?FLSETOPCODE?FLASHFUNC
  +--> ?PR?_FOUNDRANDOMPAGE?FLASHFUNC

?PR?CEEPROMSTARTUPCHECK?FLASH                    -----    -----      -----    -----      -----    -----      FB72H    00
>> 02H
  +--> ?PR?_CTIMERDELAYXMS?TIMER
  +--> ?PR?FLASH
  +--> ?PR?CEEPROMLOADDEFAULT?FLASH
  +--> ?PR?_CFLASHWREN?FLASHFUNC
  +--> ?PR?CFLASHWRDIS?FLASHFUNC
  +--> ?PR?CEEPROMLOADSYSTEMDATA?FLASH
  +--> ?PR?CEEPROMLOADOSDUSERDATA?FLASH
  +--> ?PR?CEEPROMLOADADCDATA?FLASH
  +--> ?PR?CEEPROMLOADBRICONDATA?FLASH
  +--> ?PR?CEEPROMLOADCOLORTEMPDATA?FLASH
  +--> ?PR?CEEPROMLOADTVDATA?FLASH
  +--> ?PR?CEEPROMLOADHUESATDATA?FLASH
  +--> ?PR?CEEPROMLOADAUDIODATA?FLASH
  +--> ?PR?_CLOADTVMODEDATA?FLASH

?PR?FLASH                                        -----    -----      -----    -----      -----    -----      -----    --
>> ---
  +--> ?CO?MODE
  +--> ?CO?EEPROM
BL51 BANKED LINKER/LOCATER V5.03                                                      04/29/2010  14:21:21  PAGE 21



?PR?CEEPROMLOADDEFAULT?FLASH                     0020H.2  0000H.1    -----    -----      -----    -----      FB80H    00
>> 05H
  +--> ?PR?_CEEPROMLOADUSERFIFOMODEDATA?FLASH
  +--> ?PR?CEEPROMINITIALMODEDATA?FLASH
  +--> ?PR?CEEPROMINITIALUSERFIFOMODEDATA?FLASH
  +--> ?PR?CEEPROMINITIALCENTERMODEDATA?FLASH
  +--> ?PR?CEEPROMLOADSYSTEMDATADEFAULT?FLASH
  +--> ?PR?CEEPROMLOADOSDUSERDATADEFAULT?FLASH
  +--> ?PR?CEEPROMLOADADCDATADEFAULT?FLASH
  +--> ?PR?CEEPROMLOADYPBPRDATADEFAULT?FLASH
  +--> ?PR?CEEPROMLOADCOLORTEMPDATADEFAULT?F...
  +--> ?PR?CEEPROMLOADBRICONDATADEFAULT?FLASH
  +--> ?PR?CEEPROMLOADHUESATDATADEFAULT?FLASH
  +--> ?PR?CEEPROMLOADAUDIODATADEFAULT?FLASH
  +--> ?PR?CEEPROMLOADTVDATADEFAULT?FLASH
  +--> ?PR?_CLOADTVMODEDATA?FLASH
  +--> ?PR?FLASH
  +--> ?PR?CEEPROMSAVEUSERFIFOMODEDATA?FLASH
  +--> ?CO?MODE
  +--> ?PR?_CEEPROMSAVEMODEDATA?FLASH
  +--> ?PR?_CEEPROMLOADMODEDATA?FLASH
  +--> ?PR?_CEEPROMLOADCENTERMODEDATA?FLASH

?PR?_CEEPROMLOADUSERFIFOMODEDATA?FLASH           0020H.3  0000H.1    -----    -----      -----    -----      FB85H    00
>> 06H
  +--> ?PR?FLASH
  +--> ?PR?_FLLOADSTRUCT?FLASH

?PR?_FLLOADSTRUCT?FLASH                          0020H.4  0000H.1    -----    -----      -----    -----      FB8BH    00
>> 07H
  +--> ?PR?FLASH
  +--> ?PR?_FLLOADDATA?FLASHFUNC
  +--> ?PR?_MEMORYCPY?FUNC

?PR?_FLLOADDATA?FLASHFUNC                        -----    -----      -----    -----      -----    -----      FB92H    00
>> 07H
  +--> ?PR?FLASHFUNC

?PR?FLASHFUNC                                    -----    -----      -----    -----      -----    -----      -----    --
>> ---
  +--> ?PR?_FLSETSTATUSREG?FLASHFUNC

?PR?_MEMORYCPY?FUNC                              -----    -----      -----    -----      -----    -----      FB9AH    00
>> 07H
  +--> ?PR?FUNC

?PR?CEEPROMINITIALMODEDATA?FLASH                 -----    -----      -----    -----      -----    -----      FB85H    00
>> 02H
  +--> ?PR?FLASH
  +--> ?PR?_CEEPROMSAVEMODEDATA?FLASH

?PR?_CEEPROMSAVEMODEDATA?FLASH                   -----    -----      -----    -----      -----    -----      FB87H    00
>> 01H
  +--> ?PR?FLASH
  +--> ?PR?_FLRANDOMPAGESAVESTRUCT?FLASH

[...]
 C0:AE80H         SYMBOL        L?0079
 C0:AE89H         SYMBOL        L?0080
 C0:AE89H         SYMBOL        L?0081
 C0:AE92H         SYMBOL        L?0082
 C0:AE92H         SYMBOL        L?0083
 C0:AE99H         SYMBOL        L?0084
  -------         PROC          COM0042
  -------         ENDPROC       COM0042

  -------         PROC BANK=0   INITFLASH
  -------         DO            
  X:FB72H         SYMBOL        i
  -------         ENDDO         
 C0:C3B1H         LINE#         9
 C0:C3B1H         LINE#         10
 C0:C3B1H         LINE#         13
 C0:C3B4H         LINE#         14
 C0:C3C3H         LINE#         15
 C0:C3C3H         LINE#         17
 C0:C3D5H         LINE#         19
 C0:C3DDH         LINE#         20
  -------         ENDPROC       INITFLASH
  -------         PROC          _CTIMERPOLLINGFLAGPROCFORMCU
  X:FB9AH         SYMBOL        usTimeout
  X:FB9CH         SYMBOL        ucAddress
  X:FB9FH         SYMBOL        ucBit
  B:0020H.5       SYMBOL        bSuccess
 C0:BE68H         LINE#         22
 C0:BE74H         LINE#         23
 C0:BE74H         LINE#         25
 C0:BE74H         LINE#         26
 C0:BE7BH         LINE#         28
 C0:BE92H         LINE#         29
 C0:BE92H         LINE#         30
 C0:BE94H         LINE#         31
 C0:BE94H         LINE#         32
 C0:BE94H         LINE#         33
 C0:BEA2H         LINE#         35
 C0:BEA3H         LINE#         36
  -------         ENDPROC       _CTIMERPOLLINGFLAGPROCFORMCU

  -------         PROC BANK=0   _FLSETSTATUSREG
  D:0007H         SYMBOL        ucStatus
  -------         DO            
  D:0006H         SYMBOL        ucCmd
  -------         ENDDO         
 C0:CA04H         LINE#         38
 C0:CA04H         LINE#         39
 C0:CA04H         LINE#         41
BL51 BANKED LINKER/LOCATER V5.03                                                      04/29/2010  14:21:21  PAGE 362


 C0:CA06H         LINE#         42
 C0:CA0AH         LINE#         44
 C0:CA0EH         LINE#         45
 C0:CA14H         LINE#         46
 C0:CA19H         LINE#         47
 C0:CA22H         LINE#         49
  -------         ENDPROC       _FLSETSTATUSREG

  -------         PROC BANK=0   FLASHPROTECTENABLE
 C0:CFCEH         LINE#         51
 C0:CFCEH         LINE#         52
 C0:CFCEH         LINE#         53
 C0:CFD0H         LINE#         55
 C0:CFDAH         LINE#         57
 C0:CFDDH         LINE#         59
  -------         ENDPROC       FLASHPROTECTENABLE

  -------         PROC BANK=0   FLASHPROTECTDISABLE
 C0:CFDEH         LINE#         61
 C0:CFDEH         LINE#         62
 C0:CFDEH         LINE#         63
 C0:CFE0H         LINE#         65
 C0:CFEAH         LINE#         67
 C0:CFEDH         LINE#         69
  -------         ENDPROC       FLASHPROTECTDISABLE

  -------         PROC BANK=0   FLSETOPCODE
 C0:CC7EH         LINE#         71
 C0:CC7EH         LINE#         72
 C0:CC7EH         LINE#         73
 C0:CC84H         LINE#         74
 C0:CC8AH         LINE#         75
 C0:CC90H         LINE#         76
 C0:CC96H         LINE#         78
  -------         ENDPROC       FLSETOPCODE

  -------         PROC BANK=0   _CFLASHWREN
  X:0000H         SYMBOL        ucPage
 C0:D150H         LINE#         82
 C0:D150H         LINE#         83
 C0:D150H         LINE#         95
 C0:D150H         LINE#         97
 C0:D156H         LINE#         99
 C0:D159H         LINE#         101
 C0:D15AH         LINE#         103
  -------         ENDPROC       _CFLASHWREN

  -------         PROC BANK=0   CFLASHWRDIS
 C0:D15BH         LINE#         110
 C0:D15BH         LINE#         111
 C0:D15BH         LINE#         112
 C0:D161H         LINE#         113
 C0:D164H         LINE#         114
 C0:D165H         LINE#         115
  -------         ENDPROC       CFLASHWRDIS

  -------         PROC BANK=0   _FLASHERASESECTOR
BL51 BANKED LINKER/LOCATER V5.03                                                      04/29/2010  14:21:21  PAGE 363


  D:0007H         SYMBOL        ucPage
  -------         DO            
  D:0006H         SYMBOL        ucCmd
  -------         ENDDO         
 C0:C09FH         LINE#         118
 C0:C09FH         LINE#         119
 C0:C09FH         LINE#         120
 C0:C0A1H         LINE#         124
 C0:C0A7H         LINE#         125
 C0:C0AFH         LINE#         126
 C0:C0B4H         LINE#         129
 C0:C0B9H         LINE#         130
 C0:C0BFH         LINE#         131
 C0:C0C7H         LINE#         133
 C0:C0D1H         LINE#         135
 C0:C0D4H         LINE#         136
  -------         ENDPROC       _FLASHERASESECTOR

  -------         PROC BANK=0   _CFLASHERASE
  X:FB92H         SYMBOL        ucPage
 C0:C770H         LINE#         139
 C0:C775H         LINE#         140
 C0:C775H         LINE#         141
 C0:C77DH         LINE#         142
 C0:C77DH         LINE#         143
 C0:C77EH         LINE#         144
 C0:C77EH         LINE#         146
 C0:C786H         LINE#         148
 C0:C78EH         LINE#         150
 C0:C791H         LINE#         151
 C0:C792H         LINE#         152
  -------         ENDPROC       _CFLASHERASE

  -------         PROC BANK=0   _FILLFFTOMEMORY
  X:FB9AH         SYMBOL        Array
  D:0005H         SYMBOL        ucCnt
 C0:CA7BH         LINE#         160
 C0:CA81H         LINE#         161
 C0:CA81H         LINE#         162
 C0:CA87H         LINE#         163
 C0:CA87H         LINE#         164
 C0:CA95H         LINE#         165
 C0:CA97H         LINE#         166
  -------         ENDPROC       _FILLFFTOMEMORY

  -------         PROC BANK=0   _CFLASHMOVEPAGE
  D:0004H         SYMBOL        ucObjPage
  D:0005H         SYMBOL        ucSrcPage
  -------         DO            
  X:FB92H         SYMBOL        ucCnt
  X:FB93H         SYMBOL        pSrc
  X:FB95H         SYMBOL        pObj
  -------         ENDDO         
 C0:A590H         LINE#         169
 C0:A592H         LINE#         170
 C0:A592H         LINE#         172
 C0:A59DH         LINE#         173
BL51 BANKED LINKER/LOCATER V5.03                                                      04/29/2010  14:21:21  PAGE 364


 C0:A5A0H         LINE#         175
 C0:A5A6H         LINE#         176
 C0:A5A9H         LINE#         178
 C0:A5AEH         LINE#         179
 C0:A5B8H         LINE#         180
 C0:A5B8H         LINE#         181
 C0:A5C4H         LINE#         182
 C0:A5C4H         LINE#         183
 C0:A5F3H         LINE#         184
 C0:A5F6H         LINE#         185
 C0:A5F6H         LINE#         186
 C0:A604H         LINE#         187
 C0:A606H         LINE#         188
  -------         ENDPROC       _CFLASHMOVEPAGE

  -------         PROC BANK=0   _FLCOMPSAVEDATA
  D:0006H         SYMBOL        pFlash
  -------         DO            
  X:FBA3H         SYMBOL        i
  D:0001H         SYMBOL        Array
  -------         ENDDO         
 C0:C0D5H         LINE#         192
 C0:C0D5H         LINE#         193
 C0:C0D5H         LINE#         195
 C0:C0DBH         LINE#         197
 C0:C0E0H         LINE#         198
 C0:C0E5H         LINE#         199
 C0:C0E5H         LINE#         200
 C0:C0F1H         LINE#         201
 C0:C0F3H         LINE#         203
 C0:C0F8H         LINE#         204
 C0:C0FFH         LINE#         205
 C0:C109H         LINE#         206
 C0:C10AH         LINE#         207
  -------         ENDPROC       _FLCOMPSAVEDATA

  -------         PROC BANK=0   _FLSAVEDATA
  D:0007H         SYMBOL        ucPage
  X:FB9AH         SYMBOL        ID
  X:FB9BH         SYMBOL        FreeGroup
  -------         DO            
  D:0007H         SYMBOL        j
  X:FB9CH         SYMBOL        ucCnt
  X:FB9DH         SYMBOL        ucCheckSum
  X:FB9EH         SYMBOL        pFlash
  X:FBA0H         SYMBOL        Array
  -------         ENDDO         
 C0:9088H         LINE#         209
 C0:9090H         LINE#         210
 C0:9090H         LINE#         212
 C0:9094H         LINE#         213
 C0:9097H         LINE#         214
 C0:909BH         LINE#         215
 C0:90A2H         LINE#         217
 C0:90AFH         LINE#         218
 C0:90AFH         LINE#         219
 C0:90C6H         LINE#         220
BL51 BANKED LINKER/LOCATER V5.03                                                      04/29/2010  14:21:21  PAGE 365


 C0:90C6H         LINE#         222
 C0:90CBH         LINE#         223
 C0:90CCH         LINE#         226
 C0:90D1H         LINE#         227
 C0:90D4H         LINE#         228
 C0:90DBH         LINE#         229
 C0:90DBH         LINE#         230
 C0:90E6H         LINE#         231
 C0:90E6H         LINE#         232
 C0:90E8H         LINE#         233
 C0:90E8H         LINE#         236
 C0:90FAH         LINE#         237
 C0:90FCH         LINE#         238
 C0:90FCH         LINE#         239
 C0:9113H         LINE#         240
 C0:9126H         LINE#         241
 C0:912BH         LINE#         242
 C0:913BH         LINE#         244
 C0:913DH         LINE#         245
 C0:913DH         LINE#         247
 C0:914BH         LINE#         248
 C0:914EH         LINE#         250
 C0:914FH         LINE#         251
  -------         ENDPROC       _FLSAVEDATA

  -------         PROC BANK=0   _FLLOADDATA
  D:0007H         SYMBOL        ucPage
  X:FB92H         SYMBOL        ID
  -------         DO            
  X:FB93H         SYMBOL        i
  X:FB94H         SYMBOL        ucCnt
  X:FB95H         SYMBOL        ucCheckSum
  D:0006H         SYMBOL        pFlash
  X:FB96H         SYMBOL        Array
  -------         ENDDO         
 C0:9F09H         LINE#         253
 C0:9F0EH         LINE#         254
 C0:9F0EH         LINE#         256
 C0:9F14H         LINE#         257
 C0:9F17H         LINE#         258
 C0:9F1EH         LINE#         259
 C0:9F24H         LINE#         261
 C0:9F2EH         LINE#         262
 C0:9F2EH         LINE#         263
 C0:9F3DH         LINE#         264
 C0:9F3DH         LINE#         266
 C0:9F42H         LINE#         268
 C0:9F47H         LINE#         269
 C0:9F47H         LINE#         270
 C0:9F5FH         LINE#         271
 C0:9F72H         LINE#         272
 C0:9F7CH         LINE#         274
 C0:9F89H         LINE#         275
 C0:9F89H         LINE#         276
 C0:9F8BH         LINE#         277
 C0:9F8BH         LINE#         279
 C0:9F8DH         LINE#         280
BL51 BANKED LINKER/LOCATER V5.03                                                      04/29/2010  14:21:21  PAGE 366


 C0:9F8DH         LINE#         281
 C0:9F95H         LINE#         282
 C0:9F95H         LINE#         283
 C0:9F97H         LINE#         284
 C0:9F97H         LINE#         286
 C0:9F9EH         LINE#         287
 C0:9FA1H         LINE#         289
 C0:9FA2H         LINE#         290
  -------         ENDPROC       _FLLOADDATA

  -------         PROC BANK=0   FOUNDEMPTYRANDOMPAGE
  -------         DO            
  D:0007H         SYMBOL        ucPage
  D:0082H         SYMBOL        pFlash
  -------         ENDDO         
 C0:C905H         LINE#         294
 C0:C905H         LINE#         295
 C0:C905H         LINE#         296
 C0:C907H         LINE#         297
 C0:C90AH         LINE#         299
 C0:C910H         LINE#         300
 C0:C910H         LINE#         301
 C0:C914H         LINE#         302
 C0:C914H         LINE#         303
 C0:C915H         LINE#         304
 C0:C915H         LINE#         306
 C0:C916H         LINE#         308
 C0:C921H         LINE#         309
 C0:C923H         LINE#         311
 C0:C925H         LINE#         312
  -------         ENDPROC       FOUNDEMPTYRANDOMPAGE

  -------         PROC BANK=0   _INITRANDOMPAGE
  D:0004H         SYMBOL        ucPage
  X:FB92H         SYMBOL        ucRandomPageIndex
  -------         DO            
  X:FB93H         SYMBOL        pFlash
  -------         ENDDO         
 C0:C3DEH         LINE#         314
 C0:C3E5H         LINE#         315
 C0:C3E5H         LINE#         316
 C0:C3E8H         LINE#         318
 C0:C3EBH         LINE#         320
 C0:C3F9H         LINE#         321
 C0:C408H         LINE#         323
  -------         ENDPROC       _INITRANDOMPAGE

  -------         PROC BANK=0   _FOUNDRANDOMPAGE
  D:0007H         SYMBOL        ucRandomPageIndex
  -------         DO            
  D:0006H         SYMBOL        ucPage
  D:0004H         SYMBOL        pFlash
  -------         ENDDO         
 C0:C53CH         LINE#         328
 C0:C53CH         LINE#         329
 C0:C53CH         LINE#         330
 C0:C53EH         LINE#         331
BL51 BANKED LINKER/LOCATER V5.03                                                      04/29/2010  14:21:21  PAGE 367


 C0:C542H         LINE#         333
 C0:C548H         LINE#         334
 C0:C548H         LINE#         335
 C0:C555H         LINE#         336
 C0:C555H         LINE#         337
 C0:C558H         LINE#         338
 C0:C558H         LINE#         340
 C0:C559H         LINE#         342
 C0:C560H         LINE#         343
 C0:C562H         LINE#         345
 C0:C564H         LINE#         347
  -------         ENDPROC       _FOUNDRANDOMPAGE
  -------         ENDMOD        FLASHFUNC

  -------         MODULE        ?C?FPADD
  C:001DH         PUBLIC        ?C?FPADD
  C:0019H         PUBLIC        ?C?FPSUB
  -------         ENDMOD        ?C?FPADD

  -------         MODULE        ?C?FPMUL
  C:010EH         PUBLIC        ?C?FPMUL
  -------         ENDMOD        ?C?FPMUL

  -------         MODULE        ?C?FPDIV
  C:0217H         PUBLIC        ?C?FPDIV
  -------         ENDMOD        ?C?FPDIV

  -------         MODULE        ?C?FPCMP
  C:02B6H         PUBLIC        ?C?FPCMP
  C:02B4H         PUBLIC        ?C?FPCMP3
  -------         ENDMOD        ?C?FPCMP

  -------         MODULE        ?C?FCAST
  C:032BH         PUBLIC        ?C?FCASTC
  C:0326H         PUBLIC        ?C?FCASTI
  C:0321H         PUBLIC        ?C?FCASTL
  -------         ENDMOD        ?C?FCAST

  -------         MODULE        ?C?CASTF
  C:035FH         PUBLIC        ?C?CASTF
  -------         ENDMOD        ?C?CASTF

  -------         MODULE        ?C?COPY
  C:04B0H         PUBLIC        ?C?COPY
  -------         ENDMOD        ?C?COPY

  -------         MODULE        ?C?CLDPTR
  C:04D6H         PUBLIC        ?C?CLDPTR
  -------         ENDMOD        ?C?CLDPTR

  -------         MODULE        ?C?CLDOPTR
  C:04EFH         PUBLIC        ?C?CLDOPTR
  -------         ENDMOD        ?C?CLDOPTR

  -------         MODULE        ?C?CILDPTR
  C:051CH         PUBLIC        ?C?CILDPTR
  -------         ENDMOD        ?C?CILDPTR
BL51 BANKED LINKER/LOCATER V5.03                                                      04/29/2010  14:21:21  PAGE 368



  -------         MODULE        ?C?CSTPTR
  C:053EH         PUBLIC        ?C?CSTPTR
  -------         ENDMOD        ?C?CSTPTR

  -------         MODULE        ?C?IMUL
  C:0550H         PUBLIC        ?C?IMUL
  -------         ENDMOD        ?C?IMUL

  -------         MODULE        ?C?UIDIV
  C:0562H         PUBLIC        ?C?UIDIV
  -------         ENDMOD        ?C?UIDIV

  -------         MODULE        ?C?SIDIV
  C:05B7H         PUBLIC        ?C?SIDIV
  -------         ENDMOD        ?C?SIDIV

  -------         MODULE        ?C?IILDX
  C:05EDH         PUBLIC        ?C?IILDX
  -------         ENDMOD        ?C?IILDX

  -------         MODULE        ?C?ILDIX
  C:0603H         PUBLIC        ?C?ILDIX
  -------         ENDMOD        ?C?ILDIX

  -------         MODULE        ?C?ILDPTR
  C:0619H         PUBLIC        ?C?ILDPTR
  -------         ENDMOD        ?C?ILDPTR

  -------         MODULE        ?C?ILDOPTR
  C:0644H         PUBLIC        ?C?ILDOPTR
  -------         ENDMOD        ?C?ILDOPTR

  -------         MODULE        ?C?IILDPTR
  C:067CH         PUBLIC        ?C?IILDPTR
  -------         ENDMOD        ?C?IILDPTR

  -------         MODULE        ?C?ISTPTR
  C:06B4H         PUBLIC        ?C?ISTPTR
  -------         ENDMOD        ?C?ISTPTR

  -------         MODULE        ?C?ISTOPTR
  C:06D3H         PUBLIC        ?C?ISTOPTR
  -------         ENDMOD        ?C?ISTOPTR

  -------         MODULE        ?C?LMUL
  C:0700H         PUBLIC        ?C?LMUL
  -------         ENDMOD        ?C?LMUL

  -------         MODULE        ?C?ULDIV
  C:078BH         PUBLIC        ?C?ULDIV
  -------         ENDMOD        ?C?ULDIV

  -------         MODULE        ?C?SLDIV
  C:1602H         PUBLIC        ?C?SLDIV
  -------         ENDMOD        ?C?SLDIV

BL51 BANKED LINKER/LOCATER V5.03                                                      04/29/2010  14:21:21  PAGE 369


  -------         MODULE        ?C?LNEG
  C:081DH         PUBLIC        ?C?LNEG
  -------         ENDMOD        ?C?LNEG

  -------         MODULE        ?C?SLCMP
  C:082BH         PUBLIC        ?C?SLCMP
  -------         ENDMOD        ?C?SLCMP

  -------         MODULE        ?C?ULCMP
  C:0841H         PUBLIC        ?C?ULCMP
  -------         ENDMOD        ?C?ULCMP

  -------         MODULE        ?C?ULSHR
  C:0852H         PUBLIC        ?C?ULSHR
  -------         ENDMOD        ?C?ULSHR

  -------         MODULE        ?C?SLSHR
  C:0865H         PUBLIC        ?C?SLSHR
  -------         ENDMOD        ?C?SLSHR

  -------         MODULE        ?C?LSHL
  C:0879H         PUBLIC        ?C?LSHL
  -------         ENDMOD        ?C?LSHL

  -------         MODULE        ?C?LLDIDATA
  C:088CH         PUBLIC        ?C?LLDIDATA
  -------         ENDMOD        ?C?LLDIDATA

  -------         MODULE        ?C?LLDIDATA0
  C:0898H         PUBLIC        ?C?LLDIDATA0
  -------         ENDMOD        ?C?LLDIDATA0

  -------         MODULE        ?C?LSTIDATA
  C:08A5H         PUBLIC        ?C?LSTIDATA
  -------         ENDMOD        ?C?LSTIDATA

  -------         MODULE        ?C?LSTXDATA
  C:08B1H         PUBLIC        ?C?LSTXDATA
  -------         ENDMOD        ?C?LSTXDATA

  -------         MODULE        ?C?LSTKXDATA
  C:08BDH         PUBLIC        ?C?LSTKXDATA
  -------         ENDMOD        ?C?LSTKXDATA

  -------         MODULE        ?C?OFFXADD
  C:08EEH         PUBLIC        ?C?OFFXADD
  -------         ENDMOD        ?C?OFFXADD

  -------         MODULE        ?C?CCASE
  C:08FAH         PUBLIC        ?C?CCASE
  -------         ENDMOD        ?C?CCASE

  -------         MODULE        ?C?ICALL
  C:0920H         PUBLIC        ?C?ICALL
  C:0924H         PUBLIC        ?C?ICALL2
  -------         ENDMOD        ?C?ICALL

BL51 BANKED LINKER/LOCATER V5.03                                                      04/29/2010  14:21:21  PAGE 370


  -------         MODULE        ABS
  C:19D8H         PUBLIC        _abs
  -------         ENDMOD        ABS

*** WARNING L13: RECURSIVE CALL TO SEGMENT
    SEGMENT: ?PR?OSDPROC003
    CALLER:  ?PR?ENTERSCINPUTNUM?OSDPROC003

*** WARNING L13: RECURSIVE CALL TO SEGMENT
    SEGMENT: ?PR?OSDPROC003
    CALLER:  ?PR?_SINCEPTNUMBER?OSDPROC003

*** WARNING L13: RECURSIVE CALL TO SEGMENT
    SEGMENT: ?PR?OSDPROC003
    CALLER:  ?PR?MSCINPUTCHNUMPROC?OSDPROC003

*** WARNING L13: RECURSIVE CALL TO SEGMENT
    SEGMENT: ?PR?OSDPROC003
    CALLER:  ?PR?_SSHOWCURRENTINPUTSTATE?OSDPROC003

*** WARNING L16: UNCALLED SEGMENT, IGNORED FOR OVERLAY PROCESS
    SEGMENT: ?CO?KEY

*** WARNING L16: UNCALLED SEGMENT, IGNORED FOR OVERLAY PROCESS
    SEGMENT: ?CO?KX_SC7313

*** WARNING L16: UNCALLED SEGMENT, IGNORED FOR OVERLAY PROCESS
    SEGMENT: ?PR?CTVENABLE?OSDMENUFUNC003

*** WARNING L16: UNCALLED SEGMENT, IGNORED FOR OVERLAY PROCESS
    SEGMENT: ?PR?MMAINMENUENTERSUBMENU?OSDMENUFUNC003

*** WARNING L16: UNCALLED SEGMENT, IGNORED FOR OVERLAY PROCESS
    SEGMENT: ?PR?CSHOWVISATECH?OSDPROC003

*** WARNING L16: UNCALLED SEGMENT, IGNORED FOR OVERLAY PROCESS
    SEGMENT: ?PR?_GETNEXTLANGUAGE?KXOSDFUNC

*** WARNING L16: UNCALLED SEGMENT, IGNORED FOR OVERLAY PROCESS
    SEGMENT: ?PR?_GETPREVLANGUAGE?KXOSDFUNC

*** WARNING L16: UNCALLED SEGMENT, IGNORED FOR OVERLAY PROCESS
    SEGMENT: ?PR?_BCHECKTUNER?TUNERFUNC

Program Size: data=172.1 xdata=693 code=70705
LINK/LOCATE RUN COMPLETE.  12 WARNING(S),  0 ERROR(S)
